Archive member included to satisfy reference by file (symbol)

d:/env/arm-gnu-toolchain-12.2.rel1-mingw-w64-i686-arm-none-eabi/bin/../lib/gcc/arm-none-eabi/12.2.1/thumb/v7-m/nofp\libc.a(libc_a-exit.o)
                              d:/env/arm-gnu-toolchain-12.2.rel1-mingw-w64-i686-arm-none-eabi/bin/../lib/gcc/arm-none-eabi/12.2.1/thumb/v7-m/nofp/crt0.o (exit)
d:/env/arm-gnu-toolchain-12.2.rel1-mingw-w64-i686-arm-none-eabi/bin/../lib/gcc/arm-none-eabi/12.2.1/thumb/v7-m/nofp\libc.a(libc_a-findfp.o)
                              d:/env/arm-gnu-toolchain-12.2.rel1-mingw-w64-i686-arm-none-eabi/bin/../lib/gcc/arm-none-eabi/12.2.1/thumb/v7-m/nofp\libc.a(libc_a-exit.o) (__stdio_exit_handler)
d:/env/arm-gnu-toolchain-12.2.rel1-mingw-w64-i686-arm-none-eabi/bin/../lib/gcc/arm-none-eabi/12.2.1/thumb/v7-m/nofp\libc.a(libc_a-fwalk.o)
                              d:/env/arm-gnu-toolchain-12.2.rel1-mingw-w64-i686-arm-none-eabi/bin/../lib/gcc/arm-none-eabi/12.2.1/thumb/v7-m/nofp\libc.a(libc_a-findfp.o) (_fwalk_sglue)
d:/env/arm-gnu-toolchain-12.2.rel1-mingw-w64-i686-arm-none-eabi/bin/../lib/gcc/arm-none-eabi/12.2.1/thumb/v7-m/nofp\libc.a(libc_a-stdio.o)
                              d:/env/arm-gnu-toolchain-12.2.rel1-mingw-w64-i686-arm-none-eabi/bin/../lib/gcc/arm-none-eabi/12.2.1/thumb/v7-m/nofp\libc.a(libc_a-findfp.o) (__sread)
d:/env/arm-gnu-toolchain-12.2.rel1-mingw-w64-i686-arm-none-eabi/bin/../lib/gcc/arm-none-eabi/12.2.1/thumb/v7-m/nofp\libc.a(libc_a-memset.o)
                              d:/env/arm-gnu-toolchain-12.2.rel1-mingw-w64-i686-arm-none-eabi/bin/../lib/gcc/arm-none-eabi/12.2.1/thumb/v7-m/nofp/crt0.o (memset)
d:/env/arm-gnu-toolchain-12.2.rel1-mingw-w64-i686-arm-none-eabi/bin/../lib/gcc/arm-none-eabi/12.2.1/thumb/v7-m/nofp\libc.a(libc_a-closer.o)
                              d:/env/arm-gnu-toolchain-12.2.rel1-mingw-w64-i686-arm-none-eabi/bin/../lib/gcc/arm-none-eabi/12.2.1/thumb/v7-m/nofp\libc.a(libc_a-stdio.o) (_close_r)
d:/env/arm-gnu-toolchain-12.2.rel1-mingw-w64-i686-arm-none-eabi/bin/../lib/gcc/arm-none-eabi/12.2.1/thumb/v7-m/nofp\libc.a(libc_a-reent.o)
                              d:/env/arm-gnu-toolchain-12.2.rel1-mingw-w64-i686-arm-none-eabi/bin/../lib/gcc/arm-none-eabi/12.2.1/thumb/v7-m/nofp\libc.a(libc_a-closer.o) (errno)
d:/env/arm-gnu-toolchain-12.2.rel1-mingw-w64-i686-arm-none-eabi/bin/../lib/gcc/arm-none-eabi/12.2.1/thumb/v7-m/nofp\libc.a(libc_a-impure.o)
                              d:/env/arm-gnu-toolchain-12.2.rel1-mingw-w64-i686-arm-none-eabi/bin/../lib/gcc/arm-none-eabi/12.2.1/thumb/v7-m/nofp\libc.a(libc_a-reent.o) (_impure_ptr)
d:/env/arm-gnu-toolchain-12.2.rel1-mingw-w64-i686-arm-none-eabi/bin/../lib/gcc/arm-none-eabi/12.2.1/thumb/v7-m/nofp\libc.a(libc_a-lseekr.o)
                              d:/env/arm-gnu-toolchain-12.2.rel1-mingw-w64-i686-arm-none-eabi/bin/../lib/gcc/arm-none-eabi/12.2.1/thumb/v7-m/nofp\libc.a(libc_a-stdio.o) (_lseek_r)
d:/env/arm-gnu-toolchain-12.2.rel1-mingw-w64-i686-arm-none-eabi/bin/../lib/gcc/arm-none-eabi/12.2.1/thumb/v7-m/nofp\libc.a(libc_a-readr.o)
                              d:/env/arm-gnu-toolchain-12.2.rel1-mingw-w64-i686-arm-none-eabi/bin/../lib/gcc/arm-none-eabi/12.2.1/thumb/v7-m/nofp\libc.a(libc_a-stdio.o) (_read_r)
d:/env/arm-gnu-toolchain-12.2.rel1-mingw-w64-i686-arm-none-eabi/bin/../lib/gcc/arm-none-eabi/12.2.1/thumb/v7-m/nofp\libc.a(libc_a-writer.o)
                              d:/env/arm-gnu-toolchain-12.2.rel1-mingw-w64-i686-arm-none-eabi/bin/../lib/gcc/arm-none-eabi/12.2.1/thumb/v7-m/nofp\libc.a(libc_a-stdio.o) (_write_r)
d:/env/arm-gnu-toolchain-12.2.rel1-mingw-w64-i686-arm-none-eabi/bin/../lib/gcc/arm-none-eabi/12.2.1/thumb/v7-m/nofp\libc.a(libc_a-errno.o)
                              CMakeFiles/hello-new-temp.elf.dir/Core/Src/syscalls.c.obj (__errno)
d:/env/arm-gnu-toolchain-12.2.rel1-mingw-w64-i686-arm-none-eabi/bin/../lib/gcc/arm-none-eabi/12.2.1/thumb/v7-m/nofp\libc.a(libc_a-init.o)
                              d:/env/arm-gnu-toolchain-12.2.rel1-mingw-w64-i686-arm-none-eabi/bin/../lib/gcc/arm-none-eabi/12.2.1/thumb/v7-m/nofp/crt0.o (__libc_init_array)
d:/env/arm-gnu-toolchain-12.2.rel1-mingw-w64-i686-arm-none-eabi/bin/../lib/gcc/arm-none-eabi/12.2.1/thumb/v7-m/nofp\libc.a(libc_a-lock.o)
                              d:/env/arm-gnu-toolchain-12.2.rel1-mingw-w64-i686-arm-none-eabi/bin/../lib/gcc/arm-none-eabi/12.2.1/thumb/v7-m/nofp\libc.a(libc_a-findfp.o) (__retarget_lock_init_recursive)
d:/env/arm-gnu-toolchain-12.2.rel1-mingw-w64-i686-arm-none-eabi/bin/../lib/gcc/arm-none-eabi/12.2.1/thumb/v7-m/nofp\libc.a(libc_a-__call_atexit.o)
                              d:/env/arm-gnu-toolchain-12.2.rel1-mingw-w64-i686-arm-none-eabi/bin/../lib/gcc/arm-none-eabi/12.2.1/thumb/v7-m/nofp\libc.a(libc_a-exit.o) (__call_exitprocs)
d:/env/arm-gnu-toolchain-12.2.rel1-mingw-w64-i686-arm-none-eabi/bin/../lib/gcc/arm-none-eabi/12.2.1/thumb/v7-m/nofp\libc.a(libc_a-atexit.o)
[...]
Memory Configuration

Name             Origin             Length             Attributes
RAM              0x20000000         0x00005000         xrw
FLASH            0x08000000         0x00010000         xr
*default*        0x00000000         0xffffffff

Linker script and memory map

LOAD d:/env/arm-gnu-toolchain-12.2.rel1-mingw-w64-i686-arm-none-eabi/bin/../lib/gcc/arm-none-eabi/12.2.1/thumb/v7-m/nofp/crti.o
LOAD d:/env/arm-gnu-toolchain-12.2.rel1-mingw-w64-i686-arm-none-eabi/bin/../lib/gcc/arm-none-eabi/12.2.1/thumb/v7-m/nofp/crtbegin.o
LOAD d:/env/arm-gnu-toolchain-12.2.rel1-mingw-w64-i686-arm-none-eabi/bin/../lib/gcc/arm-none-eabi/12.2.1/thumb/v7-m/nofp/crt0.o
LOAD CMakeFiles/hello-new-temp.elf.dir/Core/Src/adc.c.obj
LOAD CMakeFiles/hello-new-temp.elf.dir/Core/Src/aht20.c.obj
LOAD CMakeFiles/hello-new-temp.elf.dir/Core/Src/gpio.c.obj
LOAD CMakeFiles/hello-new-temp.elf.dir/Core/Src/main.c.obj
LOAD CMakeFiles/hello-new-temp.elf.dir/Core/Src/oled.c.obj
LOAD CMakeFiles/hello-new-temp.elf.dir/Core/Src/rtc.c.obj
LOAD CMakeFiles/hello-new-temp.elf.dir/Core/Src/stm32f1xx_hal_msp.c.obj
LOAD CMakeFiles/hello-new-temp.elf.dir/Core/Src/stm32f1xx_it.c.obj
LOAD CMakeFiles/hello-new-temp.elf.dir/Core/Src/syscalls.c.obj
LOAD CMakeFiles/hello-new-temp.elf.dir/Core/Src/sysmem.c.obj
LOAD CMakeFiles/hello-new-temp.elf.dir/Core/Src/system_stm32f1xx.c.obj
LOAD CMakeFiles/hello-new-temp.elf.dir/Core/Startup/startup_stm32f103c8tx.s.obj
LOAD CMakeFiles/hello-new-temp.elf.dir/Drivers/STM32F1xx_HAL_Driver/Src/stm32f1xx_hal.c.obj
LOAD CMakeFiles/hello-new-temp.elf.dir/Drivers/STM32F1xx_HAL_Driver/Src/stm32f1xx_hal_adc.c.obj
LOAD CMakeFiles/hello-new-temp.elf.dir/Drivers/STM32F1xx_HAL_Driver/Src/stm32f1xx_hal_adc_ex.c.obj
LOAD CMakeFiles/hello-new-temp.elf.dir/Drivers/STM32F1xx_HAL_Driver/Src/stm32f1xx_hal_cortex.c.obj
LOAD CMakeFiles/hello-new-temp.elf.dir/Drivers/STM32F1xx_HAL_Driver/Src/stm32f1xx_hal_dma.c.obj
LOAD CMakeFiles/hello-new-temp.elf.dir/Drivers/STM32F1xx_HAL_Driver/Src/stm32f1xx_hal_exti.c.obj
LOAD CMakeFiles/hello-new-temp.elf.dir/Drivers/STM32F1xx_HAL_Driver/Src/stm32f1xx_hal_flash.c.obj
LOAD CMakeFiles/hello-new-temp.elf.dir/Drivers/STM32F1xx_HAL_Driver/Src/stm32f1xx_hal_flash_ex.c.obj
LOAD CMakeFiles/hello-new-temp.elf.dir/Drivers/STM32F1xx_HAL_Driver/Src/stm32f1xx_hal_gpio.c.obj
LOAD CMakeFiles/hello-new-temp.elf.dir/Drivers/STM32F1xx_HAL_Driver/Src/stm32f1xx_hal_gpio_ex.c.obj
LOAD CMakeFiles/hello-new-temp.elf.dir/Drivers/STM32F1xx_HAL_Driver/Src/stm32f1xx_hal_pcd.c.obj
LOAD CMakeFiles/hello-new-temp.elf.dir/Drivers/STM32F1xx_HAL_Driver/Src/stm32f1xx_hal_pcd_ex.c.obj
LOAD CMakeFiles/hello-new-temp.elf.dir/Drivers/STM32F1xx_HAL_Driver/Src/stm32f1xx_hal_pwr.c.obj
LOAD CMakeFiles/hello-new-temp.elf.dir/Drivers/STM32F1xx_HAL_Driver/Src/stm32f1xx_hal_rcc.c.obj
LOAD CMakeFiles/hello-new-temp.elf.dir/Drivers/STM32F1xx_HAL_Driver/Src/stm32f1xx_hal_rcc_ex.c.obj
LOAD CMakeFiles/hello-new-temp.elf.dir/Drivers/STM32F1xx_HAL_Driver/Src/stm32f1xx_hal_rtc.c.obj
LOAD CMakeFiles/hello-new-temp.elf.dir/Drivers/STM32F1xx_HAL_Driver/Src/stm32f1xx_hal_rtc_ex.c.obj
LOAD CMakeFiles/hello-new-temp.elf.dir/Drivers/STM32F1xx_HAL_Driver/Src/stm32f1xx_hal_tim.c.obj
LOAD CMakeFiles/hello-new-temp.elf.dir/Drivers/STM32F1xx_HAL_Driver/Src/stm32f1xx_hal_tim_ex.c.obj
LOAD CMakeFiles/hello-new-temp.elf.dir/Drivers/STM32F1xx_HAL_Driver/Src/stm32f1xx_ll_usb.c.obj
LOAD CMakeFiles/hello-new-temp.elf.dir/Middlewares/ST/STM32_USB_Device_Library/Class/DFU/Src/usbd_dfu.c.obj
LOAD CMakeFiles/hello-new-temp.elf.dir/Middlewares/ST/STM32_USB_Device_Library/Core/Src/usbd_core.c.obj
LOAD CMakeFiles/hello-new-temp.elf.dir/Middlewares/ST/STM32_USB_Device_Library/Core/Src/usbd_ctlreq.c.obj
LOAD CMakeFiles/hello-new-temp.elf.dir/Middlewares/ST/STM32_USB_Device_Library/Core/Src/usbd_ioreq.c.obj
LOAD CMakeFiles/hello-new-temp.elf.dir/USB_DEVICE/App/usb_device.c.obj
LOAD CMakeFiles/hello-new-temp.elf.dir/USB_DEVICE/App/usbd_desc.c.obj
LOAD CMakeFiles/hello-new-temp.elf.dir/USB_DEVICE/App/usbd_dfu_if.c.obj
LOAD CMakeFiles/hello-new-temp.elf.dir/USB_DEVICE/Target/usbd_conf.c.obj
START GROUP
LOAD d:/env/arm-gnu-toolchain-12.2.rel1-mingw-w64-i686-arm-none-eabi/bin/../lib/gcc/arm-none-eabi/12.2.1/thumb/v7-m/nofp\libgcc.a
LOAD d:/env/arm-gnu-toolchain-12.2.rel1-mingw-w64-i686-arm-none-eabi/bin/../lib/gcc/arm-none-eabi/12.2.1/thumb/v7-m/nofp\libc.a
END GROUP
LOAD d:/env/arm-gnu-toolchain-12.2.rel1-mingw-w64-i686-arm-none-eabi/bin/../lib/gcc/arm-none-eabi/12.2.1/thumb/v7-m/nofp/crtend.o
LOAD d:/env/arm-gnu-toolchain-12.2.rel1-mingw-w64-i686-arm-none-eabi/bin/../lib/gcc/arm-none-eabi/12.2.1/thumb/v7-m/nofp/crtn.o
                0x20005000                _estack = (ORIGIN (RAM) + LENGTH (RAM))
                0x00000200                _Min_Heap_Size = 0x200
                0x00000400                _Min_Stack_Size = 0x400

.isr_vector     0x08000000      0x10c
                0x08000000                . = ALIGN (0x4)
 *(.isr_vector)
 .isr_vector    0x08000000      0x10c CMakeFiles/hello-new-temp.elf.dir/Core/Startup/startup_stm32f103c8tx.s.obj
                0x08000000                g_pfnVectors
                0x0800010c                . = ALIGN (0x4)

.text           0x0800010c     0x53f4
                0x0800010c                . = ALIGN (0x4)
 *(.text)
 *(.text*)
 .text.deregister_tm_clones
                0x0800010c       0x1c d:/env/arm-gnu-toolchain-12.2.rel1-mingw-w64-i686-arm-none-eabi/bin/../lib/gcc/arm-none-eabi/12.2.1/thumb/v7-m/nofp/crtbegin.o
 .text.register_tm_clones
                0x08000128       0x24 d:/env/arm-gnu-toolchain-12.2.rel1-mingw-w64-i686-arm-none-eabi/bin/../lib/gcc/arm-none-eabi/12.2.1/thumb/v7-m/nofp/crtbegin.o
 .text.__do_global_dtors_aux
                0x0800014c       0x28 d:/env/arm-gnu-toolchain-12.2.rel1-mingw-w64-i686-arm-none-eabi/bin/../lib/gcc/arm-none-eabi/12.2.1/thumb/v7-m/nofp/crtbegin.o
 .text.frame_dummy
                0x08000174       0x24 d:/env/arm-gnu-toolchain-12.2.rel1-mingw-w64-i686-arm-none-eabi/bin/../lib/gcc/arm-none-eabi/12.2.1/thumb/v7-m/nofp/crtbegin.o
 .text.MX_ADC1_Init
                0x08000198       0x58 CMakeFiles/hello-new-temp.elf.dir/Core/Src/adc.c.obj
                0x08000198                MX_ADC1_Init
 .text.HAL_ADC_MspInit
                0x080001f0       0x60 CMakeFiles/hello-new-temp.elf.dir/Core/Src/adc.c.obj
                0x080001f0                HAL_ADC_MspInit
 .text.delay    0x08000250       0x20 CMakeFiles/hello-new-temp.elf.dir/Core/Src/aht20.c.obj
                0x08000250                delay
 .text.I2C_Init
                0x08000270       0x30 CMakeFiles/hello-new-temp.elf.dir/Core/Src/aht20.c.obj
                0x08000270                I2C_Init
 .text.I2C_Start
                0x080002a0       0x48 CMakeFiles/hello-new-temp.elf.dir/Core/Src/aht20.c.obj
                0x080002a0                I2C_Start
 .text.I2C_Stop
                0x080002e8       0x3c CMakeFiles/hello-new-temp.elf.dir/Core/Src/aht20.c.obj
                0x080002e8                I2C_Stop
 .text.I2C_WriteByte
                0x08000324       0x60 CMakeFiles/hello-new-temp.elf.dir/Core/Src/aht20.c.obj
                0x08000324                I2C_WriteByte
 .text.I2C_ReadByte
                0x08000384       0x64 CMakeFiles/hello-new-temp.elf.dir/Core/Src/aht20.c.obj
                0x08000384                I2C_ReadByte
 .text.AHT20_ReadData
                0x080003e8       0x78 CMakeFiles/hello-new-temp.elf.dir/Core/Src/aht20.c.obj
                0x080003e8                AHT20_ReadData
 .text.MX_GPIO_Init
                0x08000460       0xd4 CMakeFiles/hello-new-temp.elf.dir/Core/Src/gpio.c.obj
                0x08000460                MX_GPIO_Init
 .text.Error_Handler
                0x08000534        0x4 CMakeFiles/hello-new-temp.elf.dir/Core/Src/main.c.obj
                0x08000534                Error_Handler
 .text.SystemClock_Config
                0x08000538       0x92 CMakeFiles/hello-new-temp.elf.dir/Core/Src/main.c.obj
                0x08000538                SystemClock_Config
 *fill*         0x080005ca        0x2 
 .text.main     0x080005cc       0x54 CMakeFiles/hello-new-temp.elf.dir/Core/Src/main.c.obj
                0x080005cc                main
 .text.assert_failed
                0x08000620        0x2 CMakeFiles/hello-new-temp.elf.dir/Core/Src/main.c.obj
                0x08000620                assert_failed
 *fill*         0x08000622        0x2 
 .text.OLED_GPIO
                0x08000624       0x4c CMakeFiles/hello-new-temp.elf.dir/Core/Src/oled.c.obj
                0x08000624                OLED_GPIO
 .text.IIC_Start
                0x08000670       0x24 CMakeFiles/hello-new-temp.elf.dir/Core/Src/oled.c.obj
                0x08000670                IIC_Start
 .text.IIC_Stop
                0x08000694       0x2c CMakeFiles/hello-new-temp.elf.dir/Core/Src/oled.c.obj
                0x08000694                IIC_Stop
 .text.IIC_Wait_Ack
                0x080006c0       0x1c CMakeFiles/hello-new-temp.elf.dir/Core/Src/oled.c.obj
                0x080006c0                IIC_Wait_Ack
 .text.Write_IIC_Byte
                0x080006dc       0x46 CMakeFiles/hello-new-temp.elf.dir/Core/Src/oled.c.obj
                0x080006dc                Write_IIC_Byte
 .text.Write_IIC_Command
                0x08000722       0x2c CMakeFiles/hello-new-temp.elf.dir/Core/Src/oled.c.obj
                0x08000722                Write_IIC_Command
 .text.Write_IIC_Data
                0x0800074e       0x2c CMakeFiles/hello-new-temp.elf.dir/Core/Src/oled.c.obj
                0x0800074e                Write_IIC_Data
 .text.OLED_WR_Byte
                0x0800077a       0x10 CMakeFiles/hello-new-temp.elf.dir/Core/Src/oled.c.obj
                0x0800077a                OLED_WR_Byte
 .text.OLED_Set_Pos
                0x0800078a       0x28 CMakeFiles/hello-new-temp.elf.dir/Core/Src/oled.c.obj
                0x0800078a                OLED_Set_Pos
 .text.OLED_Display_On
                0x080007b2       0x1c CMakeFiles/hello-new-temp.elf.dir/Core/Src/oled.c.obj
                0x080007b2                OLED_Display_On
 .text.OLED_Clear
                0x080007ce       0x42 CMakeFiles/hello-new-temp.elf.dir/Core/Src/oled.c.obj
                0x080007ce                OLED_Clear
 .text.OLED_ShowChar
                0x08000810       0x98 CMakeFiles/hello-new-temp.elf.dir/Core/Src/oled.c.obj
                0x08000810                OLED_ShowChar
 .text.oled_pow
                0x080008a8       0x18 CMakeFiles/hello-new-temp.elf.dir/Core/Src/oled.c.obj
                0x080008a8                oled_pow
 .text.OLED_ShowNum
                0x080008c0       0x8c CMakeFiles/hello-new-temp.elf.dir/Core/Src/oled.c.obj
                0x080008c0                OLED_ShowNum
 .text.OLED_ShowString
                0x0800094c       0x36 CMakeFiles/hello-new-temp.elf.dir/Core/Src/oled.c.obj
                0x0800094c                OLED_ShowString
 .text.OLED_Init
                0x08000982       0xe4 CMakeFiles/hello-new-temp.elf.dir/Core/Src/oled.c.obj
                0x08000982                OLED_Init
 *fill*         0x08000a66        0x2 
 .text.MX_RTC_Init
                0x08000a68       0x2c CMakeFiles/hello-new-temp.elf.dir/Core/Src/rtc.c.obj
                0x08000a68                MX_RTC_Init
 .text.HAL_RTC_MspInit
                0x08000a94       0x40 CMakeFiles/hello-new-temp.elf.dir/Core/Src/rtc.c.obj
                0x08000a94                HAL_RTC_MspInit
 .text.HAL_MspInit
                0x08000ad4       0x44 CMakeFiles/hello-new-temp.elf.dir/Core/Src/stm32f1xx_hal_msp.c.obj
                0x08000ad4                HAL_MspInit
 .text.NMI_Handler
                0x08000b18        0x2 CMakeFiles/hello-new-temp.elf.dir/Core/Src/stm32f1xx_it.c.obj
                0x08000b18                NMI_Handler
 .text.HardFault_Handler
                0x08000b1a        0x2 CMakeFiles/hello-new-temp.elf.dir/Core/Src/stm32f1xx_it.c.obj
                0x08000b1a                HardFault_Handler
 .text.MemManage_Handler
                0x08000b1c        0x2 CMakeFiles/hello-new-temp.elf.dir/Core/Src/stm32f1xx_it.c.obj
                0x08000b1c                MemManage_Handler
 .text.BusFault_Handler
                0x08000b1e        0x2 CMakeFiles/hello-new-temp.elf.dir/Core/Src/stm32f1xx_it.c.obj
                0x08000b1e                BusFault_Handler
 .text.UsageFault_Handler
                0x08000b20        0x2 CMakeFiles/hello-new-temp.elf.dir/Core/Src/stm32f1xx_it.c.obj
                0x08000b20                UsageFault_Handler
 .text.SVC_Handler
                0x08000b22        0x2 CMakeFiles/hello-new-temp.elf.dir/Core/Src/stm32f1xx_it.c.obj
                0x08000b22                SVC_Handler
 .text.DebugMon_Handler
                0x08000b24        0x2 CMakeFiles/hello-new-temp.elf.dir/Core/Src/stm32f1xx_it.c.obj
                0x08000b24                DebugMon_Handler
 .text.PendSV_Handler
                0x08000b26        0x2 CMakeFiles/hello-new-temp.elf.dir/Core/Src/stm32f1xx_it.c.obj
                0x08000b26                PendSV_Handler
 .text.SysTick_Handler
                0x08000b28        0x8 CMakeFiles/hello-new-temp.elf.dir/Core/Src/stm32f1xx_it.c.obj
                0x08000b28                SysTick_Handler
 .text.USB_LP_CAN1_RX0_IRQHandler
                0x08000b30       0x10 CMakeFiles/hello-new-temp.elf.dir/Core/Src/stm32f1xx_it.c.obj
                0x08000b30                USB_LP_CAN1_RX0_IRQHandler
 .text.SystemInit
                0x08000b40        0x2 CMakeFiles/hello-new-temp.elf.dir/Core/Src/system_stm32f1xx.c.obj
                0x08000b40                SystemInit
 *fill*         0x08000b42        0x2 
 .text.Reset_Handler
                0x08000b44       0x48 CMakeFiles/hello-new-temp.elf.dir/Core/Startup/startup_stm32f103c8tx.s.obj
                0x08000b44                Reset_Handler
 .text.Default_Handler
                0x08000b8c        0x2 CMakeFiles/hello-new-temp.elf.dir/Core/Startup/startup_stm32f103c8tx.s.obj
                0x08000b8c                RTC_Alarm_IRQHandler
                0x08000b8c                EXTI2_IRQHandler
                0x08000b8c                TIM1_CC_IRQHandler
                0x08000b8c                PVD_IRQHandler
                0x08000b8c                EXTI3_IRQHandler
                0x08000b8c                EXTI0_IRQHandler
                0x08000b8c                I2C2_EV_IRQHandler
                0x08000b8c                ADC1_2_IRQHandler
                0x08000b8c                SPI1_IRQHandler
                0x08000b8c                TAMPER_IRQHandler
                0x08000b8c                DMA1_Channel4_IRQHandler
                0x08000b8c                USART3_IRQHandler
                0x08000b8c                RTC_IRQHandler
                0x08000b8c                DMA1_Channel7_IRQHandler
                0x08000b8c                CAN1_RX1_IRQHandler
                0x08000b8c                TIM4_IRQHandler
                0x08000b8c                I2C1_EV_IRQHandler
                0x08000b8c                DMA1_Channel6_IRQHandler
                0x08000b8c                TIM3_IRQHandler
                0x08000b8c                RCC_IRQHandler
                0x08000b8c                TIM1_TRG_COM_IRQHandler
                0x08000b8c                DMA1_Channel1_IRQHandler
                0x08000b8c                Default_Handler
                0x08000b8c                EXTI15_10_IRQHandler
                0x08000b8c                EXTI9_5_IRQHandler
                0x08000b8c                SPI2_IRQHandler
                0x08000b8c                DMA1_Channel5_IRQHandler
                0x08000b8c                EXTI4_IRQHandler
                0x08000b8c                USB_HP_CAN1_TX_IRQHandler
                0x08000b8c                DMA1_Channel3_IRQHandler
                0x08000b8c                TIM1_UP_IRQHandler
                0x08000b8c                WWDG_IRQHandler
                0x08000b8c                TIM2_IRQHandler
                0x08000b8c                TIM1_BRK_IRQHandler
                0x08000b8c                EXTI1_IRQHandler
                0x08000b8c                USART2_IRQHandler
                0x08000b8c                I2C2_ER_IRQHandler
                0x08000b8c                DMA1_Channel2_IRQHandler
                0x08000b8c                CAN1_SCE_IRQHandler
                0x08000b8c                FLASH_IRQHandler
                0x08000b8c                USART1_IRQHandler
                0x08000b8c                I2C1_ER_IRQHandler
                0x08000b8c                USBWakeUp_IRQHandler
 *fill*         0x08000b8e        0x2 
 .text.HAL_InitTick
                0x08000b90       0x4c CMakeFiles/hello-new-temp.elf.dir/Drivers/STM32F1xx_HAL_Driver/Src/stm32f1xx_hal.c.obj
                0x08000b90                HAL_InitTick
 .text.HAL_Init
                0x08000bdc       0x24 CMakeFiles/hello-new-temp.elf.dir/Drivers/STM32F1xx_HAL_Driver/Src/stm32f1xx_hal.c.obj
                0x08000bdc                HAL_Init
 .text.HAL_IncTick
                0x08000c00       0x18 CMakeFiles/hello-new-temp.elf.dir/Drivers/STM32F1xx_HAL_Driver/Src/stm32f1xx_hal.c.obj
                0x08000c00                HAL_IncTick
 .text.HAL_GetTick
                0x08000c18        0xc CMakeFiles/hello-new-temp.elf.dir/Drivers/STM32F1xx_HAL_Driver/Src/stm32f1xx_hal.c.obj
                0x08000c18                HAL_GetTick
 .text.HAL_Delay
                0x08000c24       0x28 CMakeFiles/hello-new-temp.elf.dir/Drivers/STM32F1xx_HAL_Driver/Src/stm32f1xx_hal.c.obj
                0x08000c24                HAL_Delay
 .text.HAL_ADC_ConfigChannel
                0x08000c4c      0x184 CMakeFiles/hello-new-temp.elf.dir/Drivers/STM32F1xx_HAL_Driver/Src/stm32f1xx_hal_adc.c.obj
                0x08000c4c                HAL_ADC_ConfigChannel
 .text.ADC_ConversionStop_Disable
                0x08000dd0       0x56 CMakeFiles/hello-new-temp.elf.dir/Drivers/STM32F1xx_HAL_Driver/Src/stm32f1xx_hal_adc.c.obj
                0x08000dd0                ADC_ConversionStop_Disable
 *fill*         0x08000e26        0x2 
 .text.HAL_ADC_Init
                0x08000e28      0x1e8 CMakeFiles/hello-new-temp.elf.dir/Drivers/STM32F1xx_HAL_Driver/Src/stm32f1xx_hal_adc.c.obj
                0x08000e28                HAL_ADC_Init
 .text.__NVIC_SetPriority
                0x08001010       0x28 CMakeFiles/hello-new-temp.elf.dir/Drivers/STM32F1xx_HAL_Driver/Src/stm32f1xx_hal_cortex.c.obj
 .text.NVIC_EncodePriority
                0x08001038       0x3e CMakeFiles/hello-new-temp.elf.dir/Drivers/STM32F1xx_HAL_Driver/Src/stm32f1xx_hal_cortex.c.obj
 *fill*         0x08001076        0x2 
 .text.HAL_NVIC_SetPriorityGrouping
                0x08001078       0x3c CMakeFiles/hello-new-temp.elf.dir/Drivers/STM32F1xx_HAL_Driver/Src/stm32f1xx_hal_cortex.c.obj
                0x08001078                HAL_NVIC_SetPriorityGrouping
 .text.HAL_NVIC_SetPriority
                0x080010b4       0x48 CMakeFiles/hello-new-temp.elf.dir/Drivers/STM32F1xx_HAL_Driver/Src/stm32f1xx_hal_cortex.c.obj
                0x080010b4                HAL_NVIC_SetPriority
 .text.HAL_NVIC_EnableIRQ
                0x080010fc       0x2c CMakeFiles/hello-new-temp.elf.dir/Drivers/STM32F1xx_HAL_Driver/Src/stm32f1xx_hal_cortex.c.obj
                0x080010fc                HAL_NVIC_EnableIRQ
 .text.HAL_SYSTICK_Config
                0x08001128       0x28 CMakeFiles/hello-new-temp.elf.dir/Drivers/STM32F1xx_HAL_Driver/Src/stm32f1xx_hal_cortex.c.obj
                0x08001128                HAL_SYSTICK_Config
 .text.HAL_GPIO_Init
                0x08001150      0x364 CMakeFiles/hello-new-temp.elf.dir/Drivers/STM32F1xx_HAL_Driver/Src/stm32f1xx_hal_gpio.c.obj
                0x08001150                HAL_GPIO_Init
 .text.HAL_GPIO_ReadPin
                0x080014b4       0x28 CMakeFiles/hello-new-temp.elf.dir/Drivers/STM32F1xx_HAL_Driver/Src/stm32f1xx_hal_gpio.c.obj
                0x080014b4                HAL_GPIO_ReadPin
 .text.HAL_GPIO_WritePin
                0x080014dc       0x38 CMakeFiles/hello-new-temp.elf.dir/Drivers/STM32F1xx_HAL_Driver/Src/stm32f1xx_hal_gpio.c.obj
                0x080014dc                HAL_GPIO_WritePin
 .text.HAL_PCD_EP_DB_Receive
                0x08001514      0x11c CMakeFiles/hello-new-temp.elf.dir/Drivers/STM32F1xx_HAL_Driver/Src/stm32f1xx_hal_pcd.c.obj
 .text.HAL_PCD_Init
                0x08001630      0x12c CMakeFiles/hello-new-temp.elf.dir/Drivers/STM32F1xx_HAL_Driver/Src/stm32f1xx_hal_pcd.c.obj
                0x08001630                HAL_PCD_Init
 .text.HAL_PCD_Start
                0x0800175c       0x32 CMakeFiles/hello-new-temp.elf.dir/Drivers/STM32F1xx_HAL_Driver/Src/stm32f1xx_hal_pcd.c.obj
                0x0800175c                HAL_PCD_Start
 .text.HAL_PCD_Stop
                0x0800178e       0x32 CMakeFiles/hello-new-temp.elf.dir/Drivers/STM32F1xx_HAL_Driver/Src/stm32f1xx_hal_pcd.c.obj
                0x0800178e                HAL_PCD_Stop
 .text.HAL_PCD_EP_DB_Transmit
                0x080017c0      0x424 CMakeFiles/hello-new-temp.elf.dir/Drivers/STM32F1xx_HAL_Driver/Src/stm32f1xx_hal_pcd.c.obj
 .text.PCD_EP_ISR_Handler
                0x08001be4      0x53e CMakeFiles/hello-new-temp.elf.dir/Drivers/STM32F1xx_HAL_Driver/Src/stm32f1xx_hal_pcd.c.obj
 .text.HAL_PCD_SetAddress
                0x08002122       0x28 CMakeFiles/hello-new-temp.elf.dir/Drivers/STM32F1xx_HAL_Driver/Src/stm32f1xx_hal_pcd.c.obj
                0x08002122                HAL_PCD_SetAddress
 .text.HAL_PCD_IRQHandler
                0x0800214a      0x1b0 CMakeFiles/hello-new-temp.elf.dir/Drivers/STM32F1xx_HAL_Driver/Src/stm32f1xx_hal_pcd.c.obj
                0x0800214a                HAL_PCD_IRQHandler
 .text.HAL_PCD_EP_Open
                0x080022fa       0x7c CMakeFiles/hello-new-temp.elf.dir/Drivers/STM32F1xx_HAL_Driver/Src/stm32f1xx_hal_pcd.c.obj
                0x080022fa                HAL_PCD_EP_Open
 .text.HAL_PCD_EP_Receive
                0x08002376       0x3a CMakeFiles/hello-new-temp.elf.dir/Drivers/STM32F1xx_HAL_Driver/Src/stm32f1xx_hal_pcd.c.obj
                0x08002376                HAL_PCD_EP_Receive
 .text.HAL_PCD_EP_Transmit
                0x080023b0       0x44 CMakeFiles/hello-new-temp.elf.dir/Drivers/STM32F1xx_HAL_Driver/Src/stm32f1xx_hal_pcd.c.obj
                0x080023b0                HAL_PCD_EP_Transmit
 .text.HAL_PCD_EP_SetStall
                0x080023f4       0x78 CMakeFiles/hello-new-temp.elf.dir/Drivers/STM32F1xx_HAL_Driver/Src/stm32f1xx_hal_pcd.c.obj
                0x080023f4                HAL_PCD_EP_SetStall
 .text.HAL_PCD_EP_ClrStall
                0x0800246c       0x76 CMakeFiles/hello-new-temp.elf.dir/Drivers/STM32F1xx_HAL_Driver/Src/stm32f1xx_hal_pcd.c.obj
                0x0800246c                HAL_PCD_EP_ClrStall
 .text.HAL_PCDEx_PMAConfig
                0x080024e2       0x38 CMakeFiles/hello-new-temp.elf.dir/Drivers/STM32F1xx_HAL_Driver/Src/stm32f1xx_hal_pcd_ex.c.obj
                0x080024e2                HAL_PCDEx_PMAConfig
 *fill*         0x0800251a        0x2 
 .text.HAL_PWR_EnableBkUpAccess
                0x0800251c        0xc CMakeFiles/hello-new-temp.elf.dir/Drivers/STM32F1xx_HAL_Driver/Src/stm32f1xx_hal_pwr.c.obj
                0x0800251c                HAL_PWR_EnableBkUpAccess
 .text.RCC_Delay
                0x08002528       0x2c CMakeFiles/hello-new-temp.elf.dir/Drivers/STM32F1xx_HAL_Driver/Src/stm32f1xx_hal_rcc.c.obj
 .text.HAL_RCC_OscConfig
                0x08002554      0x548 CMakeFiles/hello-new-temp.elf.dir/Drivers/STM32F1xx_HAL_Driver/Src/stm32f1xx_hal_rcc.c.obj
                0x08002554                HAL_RCC_OscConfig
 .text.HAL_RCC_GetSysClockFreq
                0x08002a9c       0x60 CMakeFiles/hello-new-temp.elf.dir/Drivers/STM32F1xx_HAL_Driver/Src/stm32f1xx_hal_rcc.c.obj
                0x08002a9c                HAL_RCC_GetSysClockFreq
 .text.HAL_RCC_ClockConfig
                0x08002afc      0x22c CMakeFiles/hello-new-temp.elf.dir/Drivers/STM32F1xx_HAL_Driver/Src/stm32f1xx_hal_rcc.c.obj
                0x08002afc                HAL_RCC_ClockConfig
 .text.HAL_RCC_GetHCLKFreq
                0x08002d28        0xc CMakeFiles/hello-new-temp.elf.dir/Drivers/STM32F1xx_HAL_Driver/Src/stm32f1xx_hal_rcc.c.obj
                0x08002d28                HAL_RCC_GetHCLKFreq
 .text.HAL_RCC_GetPCLK2Freq
                0x08002d34       0x20 CMakeFiles/hello-new-temp.elf.dir/Drivers/STM32F1xx_HAL_Driver/Src/stm32f1xx_hal_rcc.c.obj
                0x08002d34                HAL_RCC_GetPCLK2Freq
 .text.HAL_RCCEx_PeriphCLKConfig
                0x08002d54      0x184 CMakeFiles/hello-new-temp.elf.dir/Drivers/STM32F1xx_HAL_Driver/Src/stm32f1xx_hal_rcc_ex.c.obj
                0x08002d54                HAL_RCCEx_PeriphCLKConfig
 .text.HAL_RCCEx_GetPeriphCLKFreq
                0x08002ed8       0xf4 CMakeFiles/hello-new-temp.elf.dir/Drivers/STM32F1xx_HAL_Driver/Src/stm32f1xx_hal_rcc_ex.c.obj
                0x08002ed8                HAL_RCCEx_GetPeriphCLKFreq
 .text.RTC_EnterInitMode
                0x08002fcc       0x30 CMakeFiles/hello-new-temp.elf.dir/Drivers/STM32F1xx_HAL_Driver/Src/stm32f1xx_hal_rtc.c.obj
 .text.RTC_ExitInitMode
                0x08002ffc       0x32 CMakeFiles/hello-new-temp.elf.dir/Drivers/STM32F1xx_HAL_Driver/Src/stm32f1xx_hal_rtc.c.obj
 .text.HAL_RTC_WaitForSynchro
                0x0800302e       0x38 CMakeFiles/hello-new-temp.elf.dir/Drivers/STM32F1xx_HAL_Driver/Src/stm32f1xx_hal_rtc.c.obj
                0x0800302e                HAL_RTC_WaitForSynchro
 *fill*         0x08003066        0x2 
 .text.HAL_RTC_Init
                0x08003068      0x104 CMakeFiles/hello-new-temp.elf.dir/Drivers/STM32F1xx_HAL_Driver/Src/stm32f1xx_hal_rtc.c.obj
                0x08003068                HAL_RTC_Init
 .text.USB_CoreInit
                0x0800316c        0xe CMakeFiles/hello-new-temp.elf.dir/Drivers/STM32F1xx_HAL_Driver/Src/stm32f1xx_ll_usb.c.obj
                0x0800316c                USB_CoreInit
 .text.USB_EnableGlobalInt
                0x0800317a       0x12 CMakeFiles/hello-new-temp.elf.dir/Drivers/STM32F1xx_HAL_Driver/Src/stm32f1xx_ll_usb.c.obj
                0x0800317a                USB_EnableGlobalInt
 .text.USB_DisableGlobalInt
                0x0800318c       0x14 CMakeFiles/hello-new-temp.elf.dir/Drivers/STM32F1xx_HAL_Driver/Src/stm32f1xx_ll_usb.c.obj
                0x0800318c                USB_DisableGlobalInt
 .text.USB_SetCurrentMode
                0x080031a0        0x4 CMakeFiles/hello-new-temp.elf.dir/Drivers/STM32F1xx_HAL_Driver/Src/stm32f1xx_ll_usb.c.obj
                0x080031a0                USB_SetCurrentMode
 .text.USB_DevInit
                0x080031a4       0x22 CMakeFiles/hello-new-temp.elf.dir/Drivers/STM32F1xx_HAL_Driver/Src/stm32f1xx_ll_usb.c.obj
                0x080031a4                USB_DevInit
 .text.USB_ActivateEndpoint
                0x080031c6      0x3ca CMakeFiles/hello-new-temp.elf.dir/Drivers/STM32F1xx_HAL_Driver/Src/stm32f1xx_ll_usb.c.obj
                0x080031c6                USB_ActivateEndpoint
 .text.USB_EPSetStall
                0x08003590       0x4a CMakeFiles/hello-new-temp.elf.dir/Drivers/STM32F1xx_HAL_Driver/Src/stm32f1xx_ll_usb.c.obj
                0x08003590                USB_EPSetStall
 .text.USB_EPClearStall
                0x080035da       0xa2 CMakeFiles/hello-new-temp.elf.dir/Drivers/STM32F1xx_HAL_Driver/Src/stm32f1xx_ll_usb.c.obj
                0x080035da                USB_EPClearStall
 .text.USB_SetDevAddress
                0x0800367c        0xc CMakeFiles/hello-new-temp.elf.dir/Drivers/STM32F1xx_HAL_Driver/Src/stm32f1xx_ll_usb.c.obj
                0x0800367c                USB_SetDevAddress
 .text.USB_DevConnect
                0x08003688        0x4 CMakeFiles/hello-new-temp.elf.dir/Drivers/STM32F1xx_HAL_Driver/Src/stm32f1xx_ll_usb.c.obj
                0x08003688                USB_DevConnect
 .text.USB_DevDisconnect
                0x0800368c        0x4 CMakeFiles/hello-new-temp.elf.dir/Drivers/STM32F1xx_HAL_Driver/Src/stm32f1xx_ll_usb.c.obj
                0x0800368c                USB_DevDisconnect
 .text.USB_ReadInterrupts
                0x08003690        0x8 CMakeFiles/hello-new-temp.elf.dir/Drivers/STM32F1xx_HAL_Driver/Src/stm32f1xx_ll_usb.c.obj
                0x08003690                USB_ReadInterrupts
 .text.USB_EP0_OutStart
                0x08003698        0x4 CMakeFiles/hello-new-temp.elf.dir/Drivers/STM32F1xx_HAL_Driver/Src/stm32f1xx_ll_usb.c.obj
                0x08003698                USB_EP0_OutStart
 .text.USB_WritePMA
                0x0800369c       0x26 CMakeFiles/hello-new-temp.elf.dir/Drivers/STM32F1xx_HAL_Driver/Src/stm32f1xx_ll_usb.c.obj
                0x0800369c                USB_WritePMA
 .text.USB_EPStartXfer
                0x080036c2      0x7ce CMakeFiles/hello-new-temp.elf.dir/Drivers/STM32F1xx_HAL_Driver/Src/stm32f1xx_ll_usb.c.obj
                0x080036c2                USB_EPStartXfer
 .text.USB_ReadPMA
                0x08003e90       0x30 CMakeFiles/hello-new-temp.elf.dir/Drivers/STM32F1xx_HAL_Driver/Src/stm32f1xx_ll_usb.c.obj
                0x08003e90                USB_ReadPMA
 .text.__NVIC_SystemReset
                0x08003ec0       0x24 CMakeFiles/hello-new-temp.elf.dir/Middlewares/ST/STM32_USB_Device_Library/Class/DFU/Src/usbd_dfu.c.obj
 .text.USBD_DFU_GetCfgDesc
                0x08003ee4        0xc CMakeFiles/hello-new-temp.elf.dir/Middlewares/ST/STM32_USB_Device_Library/Class/DFU/Src/usbd_dfu.c.obj
 .text.USBD_DFU_DataIn
                0x08003ef0        0x4 CMakeFiles/hello-new-temp.elf.dir/Middlewares/ST/STM32_USB_Device_Library/Class/DFU/Src/usbd_dfu.c.obj
 .text.USBD_DFU_EP0_RxReady
                0x08003ef4        0x4 CMakeFiles/hello-new-temp.elf.dir/Middlewares/ST/STM32_USB_Device_Library/Class/DFU/Src/usbd_dfu.c.obj
 .text.USBD_DFU_SOF
                0x08003ef8        0x4 CMakeFiles/hello-new-temp.elf.dir/Middlewares/ST/STM32_USB_Device_Library/Class/DFU/Src/usbd_dfu.c.obj
 .text.USBD_DFU_IsoINIncomplete
                0x08003efc        0x4 CMakeFiles/hello-new-temp.elf.dir/Middlewares/ST/STM32_USB_Device_Library/Class/DFU/Src/usbd_dfu.c.obj
 .text.USBD_DFU_IsoOutIncomplete
                0x08003f00        0x4 CMakeFiles/hello-new-temp.elf.dir/Middlewares/ST/STM32_USB_Device_Library/Class/DFU/Src/usbd_dfu.c.obj
 .text.USBD_DFU_DataOut
                0x08003f04        0x4 CMakeFiles/hello-new-temp.elf.dir/Middlewares/ST/STM32_USB_Device_Library/Class/DFU/Src/usbd_dfu.c.obj
 .text.USBD_DFU_GetDeviceQualifierDesc
                0x08003f08        0xc CMakeFiles/hello-new-temp.elf.dir/Middlewares/ST/STM32_USB_Device_Library/Class/DFU/Src/usbd_dfu.c.obj
 .text.DFU_ClearStatus
                0x08003f14       0x52 CMakeFiles/hello-new-temp.elf.dir/Middlewares/ST/STM32_USB_Device_Library/Class/DFU/Src/usbd_dfu.c.obj
 .text.DFU_Abort
                0x08003f66       0x46 CMakeFiles/hello-new-temp.elf.dir/Middlewares/ST/STM32_USB_Device_Library/Class/DFU/Src/usbd_dfu.c.obj
 .text.USBD_DFU_GetUsrStringDesc
                0x08003fac       0x20 CMakeFiles/hello-new-temp.elf.dir/Middlewares/ST/STM32_USB_Device_Library/Class/DFU/Src/usbd_dfu.c.obj
 .text.DFU_Leave
                0x08003fcc       0x60 CMakeFiles/hello-new-temp.elf.dir/Middlewares/ST/STM32_USB_Device_Library/Class/DFU/Src/usbd_dfu.c.obj
 .text.USBD_DFU_EP0_TxReady
                0x0800402c      0x108 CMakeFiles/hello-new-temp.elf.dir/Middlewares/ST/STM32_USB_Device_Library/Class/DFU/Src/usbd_dfu.c.obj
 .text.DFU_Upload
                0x08004134       0xe6 CMakeFiles/hello-new-temp.elf.dir/Middlewares/ST/STM32_USB_Device_Library/Class/DFU/Src/usbd_dfu.c.obj
 *fill*         0x0800421a        0x2 
 .text.DFU_GetStatus
                0x0800421c       0xe0 CMakeFiles/hello-new-temp.elf.dir/Middlewares/ST/STM32_USB_Device_Library/Class/DFU/Src/usbd_dfu.c.obj
 .text.DFU_GetState
                0x080042fc       0x12 CMakeFiles/hello-new-temp.elf.dir/Middlewares/ST/STM32_USB_Device_Library/Class/DFU/Src/usbd_dfu.c.obj
 .text.DFU_Download
                0x0800430e       0x6c CMakeFiles/hello-new-temp.elf.dir/Middlewares/ST/STM32_USB_Device_Library/Class/DFU/Src/usbd_dfu.c.obj
 *fill*         0x0800437a        0x2 
 .text.DFU_Detach
                0x0800437c       0x6c CMakeFiles/hello-new-temp.elf.dir/Middlewares/ST/STM32_USB_Device_Library/Class/DFU/Src/usbd_dfu.c.obj
 .text.USBD_DFU_Setup
                0x080043e8      0x114 CMakeFiles/hello-new-temp.elf.dir/Middlewares/ST/STM32_USB_Device_Library/Class/DFU/Src/usbd_dfu.c.obj
 .text.USBD_DFU_DeInit
                0x080044fc       0x44 CMakeFiles/hello-new-temp.elf.dir/Middlewares/ST/STM32_USB_Device_Library/Class/DFU/Src/usbd_dfu.c.obj
 .text.USBD_DFU_Init
                0x08004540       0x5e CMakeFiles/hello-new-temp.elf.dir/Middlewares/ST/STM32_USB_Device_Library/Class/DFU/Src/usbd_dfu.c.obj
 .text.USBD_DFU_RegisterMedia
                0x0800459e        0xa CMakeFiles/hello-new-temp.elf.dir/Middlewares/ST/STM32_USB_Device_Library/Class/DFU/Src/usbd_dfu.c.obj
                0x0800459e                USBD_DFU_RegisterMedia
 .text.USBD_Init
                0x080045a8       0x2e CMakeFiles/hello-new-temp.elf.dir/Middlewares/ST/STM32_USB_Device_Library/Core/Src/usbd_core.c.obj
                0x080045a8                USBD_Init
 .text.USBD_RegisterClass
                0x080045d6        0xe CMakeFiles/hello-new-temp.elf.dir/Middlewares/ST/STM32_USB_Device_Library/Core/Src/usbd_core.c.obj
                0x080045d6                USBD_RegisterClass
 .text.USBD_Start
                0x080045e4        0xa CMakeFiles/hello-new-temp.elf.dir/Middlewares/ST/STM32_USB_Device_Library/Core/Src/usbd_core.c.obj
                0x080045e4                USBD_Start
 .text.USBD_Stop
                0x080045ee       0x18 CMakeFiles/hello-new-temp.elf.dir/Middlewares/ST/STM32_USB_Device_Library/Core/Src/usbd_core.c.obj
                0x080045ee                USBD_Stop
 .text.USBD_SetClassConfig
                0x08004606       0x18 CMakeFiles/hello-new-temp.elf.dir/Middlewares/ST/STM32_USB_Device_Library/Core/Src/usbd_core.c.obj
                0x08004606                USBD_SetClassConfig
 .text.USBD_ClrClassConfig
                0x0800461e        0xe CMakeFiles/hello-new-temp.elf.dir/Middlewares/ST/STM32_USB_Device_Library/Core/Src/usbd_core.c.obj
                0x0800461e                USBD_ClrClassConfig
 .text.USBD_LL_SetupStage
                0x0800462c       0x5a CMakeFiles/hello-new-temp.elf.dir/Middlewares/ST/STM32_USB_Device_Library/Core/Src/usbd_core.c.obj
                0x0800462c                USBD_LL_SetupStage
 .text.USBD_LL_DataOutStage
                0x08004686       0x8c CMakeFiles/hello-new-temp.elf.dir/Middlewares/ST/STM32_USB_Device_Library/Core/Src/usbd_core.c.obj
                0x08004686                USBD_LL_DataOutStage
 .text.USBD_LL_DataInStage
                0x08004712       0xd0 CMakeFiles/hello-new-temp.elf.dir/Middlewares/ST/STM32_USB_Device_Library/Core/Src/usbd_core.c.obj
                0x08004712                USBD_LL_DataInStage
 .text.USBD_LL_Reset
                0x080047e2       0x50 CMakeFiles/hello-new-temp.elf.dir/Middlewares/ST/STM32_USB_Device_Library/Core/Src/usbd_core.c.obj
                0x080047e2                USBD_LL_Reset
 .text.USBD_LL_SetSpeed
                0x08004832        0x6 CMakeFiles/hello-new-temp.elf.dir/Middlewares/ST/STM32_USB_Device_Library/Core/Src/usbd_core.c.obj
                0x08004832                USBD_LL_SetSpeed
 .text.USBD_LL_Suspend
                0x08004838       0x12 CMakeFiles/hello-new-temp.elf.dir/Middlewares/ST/STM32_USB_Device_Library/Core/Src/usbd_core.c.obj
                0x08004838                USBD_LL_Suspend
 .text.USBD_LL_Resume
                0x0800484a       0x16 CMakeFiles/hello-new-temp.elf.dir/Middlewares/ST/STM32_USB_Device_Library/Core/Src/usbd_core.c.obj
                0x0800484a                USBD_LL_Resume
 .text.USBD_LL_SOF
                0x08004860       0x1c CMakeFiles/hello-new-temp.elf.dir/Middlewares/ST/STM32_USB_Device_Library/Core/Src/usbd_core.c.obj
                0x08004860                USBD_LL_SOF
 .text.USBD_GetLen
                0x0800487c       0x14 CMakeFiles/hello-new-temp.elf.dir/Middlewares/ST/STM32_USB_Device_Library/Core/Src/usbd_ctlreq.c.obj
 .text.USBD_SetFeature
                0x08004890       0x14 CMakeFiles/hello-new-temp.elf.dir/Middlewares/ST/STM32_USB_Device_Library/Core/Src/usbd_ctlreq.c.obj
 .text.USBD_ParseSetupRequest
                0x080048a4       0x28 CMakeFiles/hello-new-temp.elf.dir/Middlewares/ST/STM32_USB_Device_Library/Core/Src/usbd_ctlreq.c.obj
                0x080048a4                USBD_ParseSetupRequest
 .text.USBD_CtlError
                0x080048cc       0x14 CMakeFiles/hello-new-temp.elf.dir/Middlewares/ST/STM32_USB_Device_Library/Core/Src/usbd_ctlreq.c.obj
                0x080048cc                USBD_CtlError
 .text.USBD_GetDescriptor
                0x080048e0      0x196 CMakeFiles/hello-new-temp.elf.dir/Middlewares/ST/STM32_USB_Device_Library/Core/Src/usbd_ctlreq.c.obj
 .text.USBD_SetAddress
                0x08004a76       0x4e CMakeFiles/hello-new-temp.elf.dir/Middlewares/ST/STM32_USB_Device_Library/Core/Src/usbd_ctlreq.c.obj
 .text.USBD_SetConfig
                0x08004ac4       0xb0 CMakeFiles/hello-new-temp.elf.dir/Middlewares/ST/STM32_USB_Device_Library/Core/Src/usbd_ctlreq.c.obj
 .text.USBD_GetConfig
                0x08004b74       0x3e CMakeFiles/hello-new-temp.elf.dir/Middlewares/ST/STM32_USB_Device_Library/Core/Src/usbd_ctlreq.c.obj
 .text.USBD_GetStatus
                0x08004bb2       0x38 CMakeFiles/hello-new-temp.elf.dir/Middlewares/ST/STM32_USB_Device_Library/Core/Src/usbd_ctlreq.c.obj
 .text.USBD_ClrFeature
                0x08004bea       0x26 CMakeFiles/hello-new-temp.elf.dir/Middlewares/ST/STM32_USB_Device_Library/Core/Src/usbd_ctlreq.c.obj
 .text.USBD_StdDevReq
                0x08004c10       0x68 CMakeFiles/hello-new-temp.elf.dir/Middlewares/ST/STM32_USB_Device_Library/Core/Src/usbd_ctlreq.c.obj
                0x08004c10                USBD_StdDevReq
 .text.USBD_StdItfReq
                0x08004c78       0x60 CMakeFiles/hello-new-temp.elf.dir/Middlewares/ST/STM32_USB_Device_Library/Core/Src/usbd_ctlreq.c.obj
                0x08004c78                USBD_StdItfReq
 .text.USBD_StdEPReq
                0x08004cd8      0x1e2 CMakeFiles/hello-new-temp.elf.dir/Middlewares/ST/STM32_USB_Device_Library/Core/Src/usbd_ctlreq.c.obj
                0x08004cd8                USBD_StdEPReq
 .text.USBD_GetString
                0x08004eba       0x3a CMakeFiles/hello-new-temp.elf.dir/Middlewares/ST/STM32_USB_Device_Library/Core/Src/usbd_ctlreq.c.obj
                0x08004eba                USBD_GetString
 .text.USBD_CtlSendData
                0x08004ef4       0x1a CMakeFiles/hello-new-temp.elf.dir/Middlewares/ST/STM32_USB_Device_Library/Core/Src/usbd_ioreq.c.obj
                0x08004ef4                USBD_CtlSendData
 .text.USBD_CtlContinueSendData
                0x08004f0e       0x10 CMakeFiles/hello-new-temp.elf.dir/Middlewares/ST/STM32_USB_Device_Library/Core/Src/usbd_ioreq.c.obj
                0x08004f0e                USBD_CtlContinueSendData
 .text.USBD_CtlPrepareRx
                0x08004f1e       0x1e CMakeFiles/hello-new-temp.elf.dir/Middlewares/ST/STM32_USB_Device_Library/Core/Src/usbd_ioreq.c.obj
                0x08004f1e                USBD_CtlPrepareRx
 .text.USBD_CtlContinueRx
                0x08004f3c       0x10 CMakeFiles/hello-new-temp.elf.dir/Middlewares/ST/STM32_USB_Device_Library/Core/Src/usbd_ioreq.c.obj
                0x08004f3c                USBD_CtlContinueRx
 .text.USBD_CtlSendStatus
                0x08004f4c       0x16 CMakeFiles/hello-new-temp.elf.dir/Middlewares/ST/STM32_USB_Device_Library/Core/Src/usbd_ioreq.c.obj
                0x08004f4c                USBD_CtlSendStatus
 .text.USBD_CtlReceiveStatus
                0x08004f62       0x16 CMakeFiles/hello-new-temp.elf.dir/Middlewares/ST/STM32_USB_Device_Library/Core/Src/usbd_ioreq.c.obj
                0x08004f62                USBD_CtlReceiveStatus
 .text.MX_USB_DEVICE_Init
                0x08004f78       0x54 CMakeFiles/hello-new-temp.elf.dir/USB_DEVICE/App/usb_device.c.obj
                0x08004f78                MX_USB_DEVICE_Init
 .text.USBD_FS_DeviceDescriptor
                0x08004fcc        0xc CMakeFiles/hello-new-temp.elf.dir/USB_DEVICE/App/usbd_desc.c.obj
                0x08004fcc                USBD_FS_DeviceDescriptor
 .text.USBD_FS_LangIDStrDescriptor
                0x08004fd8        0xc CMakeFiles/hello-new-temp.elf.dir/USB_DEVICE/App/usbd_desc.c.obj
                0x08004fd8                USBD_FS_LangIDStrDescriptor
 .text.IntToUnicode
                0x08004fe4       0x46 CMakeFiles/hello-new-temp.elf.dir/USB_DEVICE/App/usbd_desc.c.obj
 *fill*         0x0800502a        0x2 
 .text.Get_SerialNum
                0x0800502c       0x38 CMakeFiles/hello-new-temp.elf.dir/USB_DEVICE/App/usbd_desc.c.obj
 .text.USBD_FS_SerialStrDescriptor
                0x08005064       0x14 CMakeFiles/hello-new-temp.elf.dir/USB_DEVICE/App/usbd_desc.c.obj
                0x08005064                USBD_FS_SerialStrDescriptor
 .text.USBD_FS_ProductStrDescriptor
                0x08005078       0x24 CMakeFiles/hello-new-temp.elf.dir/USB_DEVICE/App/usbd_desc.c.obj
                0x08005078                USBD_FS_ProductStrDescriptor
 .text.USBD_FS_ManufacturerStrDescriptor
                0x0800509c       0x1c CMakeFiles/hello-new-temp.elf.dir/USB_DEVICE/App/usbd_desc.c.obj
                0x0800509c                USBD_FS_ManufacturerStrDescriptor
 .text.USBD_FS_ConfigStrDescriptor
                0x080050b8       0x24 CMakeFiles/hello-new-temp.elf.dir/USB_DEVICE/App/usbd_desc.c.obj
                0x080050b8                USBD_FS_ConfigStrDescriptor
 .text.USBD_FS_InterfaceStrDescriptor
                0x080050dc       0x24 CMakeFiles/hello-new-temp.elf.dir/USB_DEVICE/App/usbd_desc.c.obj
                0x080050dc                USBD_FS_InterfaceStrDescriptor
 .text.MEM_If_Init_FS
                0x08005100        0x4 CMakeFiles/hello-new-temp.elf.dir/USB_DEVICE/App/usbd_dfu_if.c.obj
 .text.MEM_If_DeInit_FS
                0x08005104        0x4 CMakeFiles/hello-new-temp.elf.dir/USB_DEVICE/App/usbd_dfu_if.c.obj
 .text.MEM_If_Erase_FS
                0x08005108        0x4 CMakeFiles/hello-new-temp.elf.dir/USB_DEVICE/App/usbd_dfu_if.c.obj
 .text.MEM_If_Write_FS
                0x0800510c        0x4 CMakeFiles/hello-new-temp.elf.dir/USB_DEVICE/App/usbd_dfu_if.c.obj
 .text.MEM_If_Read_FS
                0x08005110        0x4 CMakeFiles/hello-new-temp.elf.dir/USB_DEVICE/App/usbd_dfu_if.c.obj
 .text.MEM_If_GetStatus_FS
                0x08005114        0x4 CMakeFiles/hello-new-temp.elf.dir/USB_DEVICE/App/usbd_dfu_if.c.obj
 .text.USBD_Get_USB_Status
                0x08005118       0x14 CMakeFiles/hello-new-temp.elf.dir/USB_DEVICE/Target/usbd_conf.c.obj
 .text.HAL_PCD_MspInit
                0x0800512c       0x40 CMakeFiles/hello-new-temp.elf.dir/USB_DEVICE/Target/usbd_conf.c.obj
                0x0800512c                HAL_PCD_MspInit
 .text.HAL_PCD_SetupStageCallback
                0x0800516c       0x10 CMakeFiles/hello-new-temp.elf.dir/USB_DEVICE/Target/usbd_conf.c.obj
                0x0800516c                HAL_PCD_SetupStageCallback
 .text.HAL_PCD_DataOutStageCallback
                0x0800517c       0x18 CMakeFiles/hello-new-temp.elf.dir/USB_DEVICE/Target/usbd_conf.c.obj
                0x0800517c                HAL_PCD_DataOutStageCallback
 .text.HAL_PCD_DataInStageCallback
                0x08005194       0x16 CMakeFiles/hello-new-temp.elf.dir/USB_DEVICE/Target/usbd_conf.c.obj
                0x08005194                HAL_PCD_DataInStageCallback
 .text.HAL_PCD_SOFCallback
                0x080051aa        0xc CMakeFiles/hello-new-temp.elf.dir/USB_DEVICE/Target/usbd_conf.c.obj
                0x080051aa                HAL_PCD_SOFCallback
 .text.HAL_PCD_ResetCallback
                0x080051b6       0x24 CMakeFiles/hello-new-temp.elf.dir/USB_DEVICE/Target/usbd_conf.c.obj
                0x080051b6                HAL_PCD_ResetCallback
 *fill*         0x080051da        0x2 
 .text.HAL_PCD_SuspendCallback
                0x080051dc       0x20 CMakeFiles/hello-new-temp.elf.dir/USB_DEVICE/Target/usbd_conf.c.obj
                0x080051dc                HAL_PCD_SuspendCallback
 .text.HAL_PCD_ResumeCallback
                0x080051fc        0xc CMakeFiles/hello-new-temp.elf.dir/USB_DEVICE/Target/usbd_conf.c.obj
                0x080051fc                HAL_PCD_ResumeCallback
 .text.USBD_LL_Init
                0x08005208       0x58 CMakeFiles/hello-new-temp.elf.dir/USB_DEVICE/Target/usbd_conf.c.obj
                0x08005208                USBD_LL_Init
 .text.USBD_LL_Start
                0x08005260       0x10 CMakeFiles/hello-new-temp.elf.dir/USB_DEVICE/Target/usbd_conf.c.obj
                0x08005260                USBD_LL_Start
 .text.USBD_LL_Stop
                0x08005270       0x10 CMakeFiles/hello-new-temp.elf.dir/USB_DEVICE/Target/usbd_conf.c.obj
                0x08005270                USBD_LL_Stop
 .text.USBD_LL_OpenEP
                0x08005280       0x16 CMakeFiles/hello-new-temp.elf.dir/USB_DEVICE/Target/usbd_conf.c.obj
                0x08005280                USBD_LL_OpenEP
 .text.USBD_LL_StallEP
                0x08005296       0x10 CMakeFiles/hello-new-temp.elf.dir/USB_DEVICE/Target/usbd_conf.c.obj
                0x08005296                USBD_LL_StallEP
 .text.USBD_LL_ClearStallEP
                0x080052a6       0x10 CMakeFiles/hello-new-temp.elf.dir/USB_DEVICE/Target/usbd_conf.c.obj
                0x080052a6                USBD_LL_ClearStallEP
 .text.USBD_LL_IsStallEP
                0x080052b6       0x2e CMakeFiles/hello-new-temp.elf.dir/USB_DEVICE/Target/usbd_conf.c.obj
                0x080052b6                USBD_LL_IsStallEP
 .text.USBD_LL_SetUSBAddress
                0x080052e4       0x10 CMakeFiles/hello-new-temp.elf.dir/USB_DEVICE/Target/usbd_conf.c.obj
                0x080052e4                USBD_LL_SetUSBAddress
 .text.USBD_LL_Transmit
                0x080052f4       0x10 CMakeFiles/hello-new-temp.elf.dir/USB_DEVICE/Target/usbd_conf.c.obj
                0x080052f4                USBD_LL_Transmit
 .text.USBD_LL_PrepareReceive
                0x08005304       0x10 CMakeFiles/hello-new-temp.elf.dir/USB_DEVICE/Target/usbd_conf.c.obj
                0x08005304                USBD_LL_PrepareReceive
 .text.USBD_static_malloc
                0x08005314        0x8 CMakeFiles/hello-new-temp.elf.dir/USB_DEVICE/Target/usbd_conf.c.obj
                0x08005314                USBD_static_malloc
 .text.USBD_static_free
                0x0800531c        0x2 CMakeFiles/hello-new-temp.elf.dir/USB_DEVICE/Target/usbd_conf.c.obj
                0x0800531c                USBD_static_free
 .text.HAL_PCDEx_SetConnectionState
                0x0800531e        0x2 CMakeFiles/hello-new-temp.elf.dir/USB_DEVICE/Target/usbd_conf.c.obj
                0x0800531e                HAL_PCDEx_SetConnectionState
 .text.memset   0x08005320       0xa0 d:/env/arm-gnu-toolchain-12.2.rel1-mingw-w64-i686-arm-none-eabi/bin/../lib/gcc/arm-none-eabi/12.2.1/thumb/v7-m/nofp\libc.a(libc_a-memset.o)
                0x08005320                memset
 .text.__libc_init_array
                0x080053c0       0x50 d:/env/arm-gnu-toolchain-12.2.rel1-mingw-w64-i686-arm-none-eabi/bin/../lib/gcc/arm-none-eabi/12.2.1/thumb/v7-m/nofp\libc.a(libc_a-init.o)
                0x080053c0                __libc_init_array
 .text.__retarget_lock_acquire_recursive
                0x08005410        0x4 d:/env/arm-gnu-toolchain-12.2.rel1-mingw-w64-i686-arm-none-eabi/bin/../lib/gcc/arm-none-eabi/12.2.1/thumb/v7-m/nofp\libc.a(libc_a-lock.o)
                0x08005410                __retarget_lock_acquire_recursive
 .text.__retarget_lock_release_recursive
                0x08005414        0x4 d:/env/arm-gnu-toolchain-12.2.rel1-mingw-w64-i686-arm-none-eabi/bin/../lib/gcc/arm-none-eabi/12.2.1/thumb/v7-m/nofp\libc.a(libc_a-lock.o)
                0x08005414                __retarget_lock_release_recursive
 .text.startup.register_fini
                0x08005418       0x14 d:/env/arm-gnu-toolchain-12.2.rel1-mingw-w64-i686-arm-none-eabi/bin/../lib/gcc/arm-none-eabi/12.2.1/thumb/v7-m/nofp\libc.a(libc_a-__call_atexit.o)
 .text.atexit   0x0800542c        0xc d:/env/arm-gnu-toolchain-12.2.rel1-mingw-w64-i686-arm-none-eabi/bin/../lib/gcc/arm-none-eabi/12.2.1/thumb/v7-m/nofp\libc.a(libc_a-atexit.o)
                0x0800542c                atexit
 .text.__libc_fini_array
                0x08005438       0x28 d:/env/arm-gnu-toolchain-12.2.rel1-mingw-w64-i686-arm-none-eabi/bin/../lib/gcc/arm-none-eabi/12.2.1/thumb/v7-m/nofp\libc.a(libc_a-fini.o)
                0x08005438                __libc_fini_array
 .text.__register_exitproc
                0x08005460       0x88 d:/env/arm-gnu-toolchain-12.2.rel1-mingw-w64-i686-arm-none-eabi/bin/../lib/gcc/arm-none-eabi/12.2.1/thumb/v7-m/nofp\libc.a(libc_a-__atexit.o)
                0x08005460                __register_exitproc
 *(.glue_7)
 .glue_7        0x080054e8        0x0 linker stubs
 *(.glue_7t)
 .glue_7t       0x080054e8        0x0 linker stubs
 *(.eh_frame)
 .eh_frame      0x080054e8        0x0 d:/env/arm-gnu-toolchain-12.2.rel1-mingw-w64-i686-arm-none-eabi/bin/../lib/gcc/arm-none-eabi/12.2.1/thumb/v7-m/nofp/crtbegin.o
 *(.init)
 .init          0x080054e8        0x4 d:/env/arm-gnu-toolchain-12.2.rel1-mingw-w64-i686-arm-none-eabi/bin/../lib/gcc/arm-none-eabi/12.2.1/thumb/v7-m/nofp/crti.o
                0x080054e8                _init
 .init          0x080054ec        0x8 d:/env/arm-gnu-toolchain-12.2.rel1-mingw-w64-i686-arm-none-eabi/bin/../lib/gcc/arm-none-eabi/12.2.1/thumb/v7-m/nofp/crtn.o
 *(.fini)
 .fini          0x080054f4        0x4 d:/env/arm-gnu-toolchain-12.2.rel1-mingw-w64-i686-arm-none-eabi/bin/../lib/gcc/arm-none-eabi/12.2.1/thumb/v7-m/nofp/crti.o
                0x080054f4                _fini
 .fini          0x080054f8        0x8 d:/env/arm-gnu-toolchain-12.2.rel1-mingw-w64-i686-arm-none-eabi/bin/../lib/gcc/arm-none-eabi/12.2.1/thumb/v7-m/nofp/crtn.o
                0x08005500                . = ALIGN (0x4)
                0x08005500                _etext = .

.vfp11_veneer   0x08005500        0x0
 .vfp11_veneer  0x08005500        0x0 linker stubs

.v4_bx          0x08005500        0x0
 .v4_bx         0x08005500        0x0 linker stubs

.iplt           0x08005500        0x0
 .iplt          0x08005500        0x0 d:/env/arm-gnu-toolchain-12.2.rel1-mingw-w64-i686-arm-none-eabi/bin/../lib/gcc/arm-none-eabi/12.2.1/thumb/v7-m/nofp/crtbegin.o

.rodata         0x08005500      0xb2c
                0x08005500                . = ALIGN (0x4)
 *(.rodata)
 *(.rodata*)
 .rodata.main.str1.4
                0x08005500        0x7 CMakeFiles/hello-new-temp.elf.dir/Core/Src/main.c.obj
 *fill*         0x08005507        0x1 
 .rodata.F8X16  0x08005508      0x5f0 CMakeFiles/hello-new-temp.elf.dir/Core/Src/oled.c.obj
                0x08005508                F8X16
 .rodata.F6x8   0x08005af8      0x228 CMakeFiles/hello-new-temp.elf.dir/Core/Src/oled.c.obj
                0x08005af8                F6x8
 .rodata.APBPrescTable
                0x08005d20        0x8 CMakeFiles/hello-new-temp.elf.dir/Core/Src/system_stm32f1xx.c.obj
                0x08005d20                APBPrescTable
 .rodata.AHBPrescTable
                0x08005d28       0x10 CMakeFiles/hello-new-temp.elf.dir/Core/Src/system_stm32f1xx.c.obj
                0x08005d28                AHBPrescTable
 .rodata.HAL_ADC_PollForConversion.str1.4
                0x08005d38       0x4b CMakeFiles/hello-new-temp.elf.dir/Drivers/STM32F1xx_HAL_Driver/Src/stm32f1xx_hal_adc.c.obj
 *fill*         0x08005d83        0x1 
 .rodata.HAL_NVIC_SetPriorityGrouping.str1.4
                0x08005d84       0x4e CMakeFiles/hello-new-temp.elf.dir/Drivers/STM32F1xx_HAL_Driver/Src/stm32f1xx_hal_cortex.c.obj
 *fill*         0x08005dd2        0x2 
 .rodata.HAL_GPIO_Init.str1.4
                0x08005dd4       0x4c CMakeFiles/hello-new-temp.elf.dir/Drivers/STM32F1xx_HAL_Driver/Src/stm32f1xx_hal_gpio.c.obj
 .rodata.HAL_PCD_Init.str1.4
                0x08005e20       0x4b CMakeFiles/hello-new-temp.elf.dir/Drivers/STM32F1xx_HAL_Driver/Src/stm32f1xx_hal_pcd.c.obj
 *fill*         0x08005e6b        0x1 
 .rodata.HAL_RCC_OscConfig.str1.4
                0x08005e6c       0x4b CMakeFiles/hello-new-temp.elf.dir/Drivers/STM32F1xx_HAL_Driver/Src/stm32f1xx_hal_rcc.c.obj
 *fill*         0x08005eb7        0x1 
 .rodata.aPredivFactorTable.0
                0x08005eb8        0x2 CMakeFiles/hello-new-temp.elf.dir/Drivers/STM32F1xx_HAL_Driver/Src/stm32f1xx_hal_rcc.c.obj
 *fill*         0x08005eba        0x2 
 .rodata.aPLLMULFactorTable.1
                0x08005ebc       0x10 CMakeFiles/hello-new-temp.elf.dir/Drivers/STM32F1xx_HAL_Driver/Src/stm32f1xx_hal_rcc.c.obj
 .rodata.HAL_RCCEx_PeriphCLKConfig.str1.4
                0x08005ecc       0x4e CMakeFiles/hello-new-temp.elf.dir/Drivers/STM32F1xx_HAL_Driver/Src/stm32f1xx_hal_rcc_ex.c.obj
 *fill*         0x08005f1a        0x2 
 .rodata.aPredivFactorTable.0
                0x08005f1c        0x2 CMakeFiles/hello-new-temp.elf.dir/Drivers/STM32F1xx_HAL_Driver/Src/stm32f1xx_hal_rcc_ex.c.obj
 *fill*         0x08005f1e        0x2 
 .rodata.aPLLMULFactorTable.1
                0x08005f20       0x10 CMakeFiles/hello-new-temp.elf.dir/Drivers/STM32F1xx_HAL_Driver/Src/stm32f1xx_hal_rcc_ex.c.obj
 .rodata.HAL_RTC_SetTime.str1.4
                0x08005f30       0x4b CMakeFiles/hello-new-temp.elf.dir/Drivers/STM32F1xx_HAL_Driver/Src/stm32f1xx_hal_rtc.c.obj
 *fill*         0x08005f7b        0x1 
 .rodata.USBD_FS_ProductStrDescriptor.str1.4
                0x08005f7c       0x1f CMakeFiles/hello-new-temp.elf.dir/USB_DEVICE/App/usbd_desc.c.obj
 *fill*         0x08005f9b        0x1 
 .rodata.USBD_FS_ManufacturerStrDescriptor.str1.4
                0x08005f9c       0x13 CMakeFiles/hello-new-temp.elf.dir/USB_DEVICE/App/usbd_desc.c.obj
 *fill*         0x08005faf        0x1 
 .rodata.USBD_FS_ConfigStrDescriptor.str1.4
                0x08005fb0        0xb CMakeFiles/hello-new-temp.elf.dir/USB_DEVICE/App/usbd_desc.c.obj
 *fill*         0x08005fbb        0x1 
 .rodata.USBD_FS_InterfaceStrDescriptor.str1.4
                0x08005fbc        0xe CMakeFiles/hello-new-temp.elf.dir/USB_DEVICE/App/usbd_desc.c.obj
 *fill*         0x08005fca        0x2 
 .rodata.str1.4
                0x08005fcc       0x5d CMakeFiles/hello-new-temp.elf.dir/USB_DEVICE/App/usbd_dfu_if.c.obj
                0x0800602c                . = ALIGN (0x4)
 *fill*         0x08006029        0x3 

.rel.dyn        0x0800602c        0x0
 .rel.iplt      0x0800602c        0x0 d:/env/arm-gnu-toolchain-12.2.rel1-mingw-w64-i686-arm-none-eabi/bin/../lib/gcc/arm-none-eabi/12.2.1/thumb/v7-m/nofp/crtbegin.o

.ARM.extab      0x0800602c        0x0
                0x0800602c                . = ALIGN (0x4)
 *(.ARM.extab* .gnu.linkonce.armextab.*)
                0x0800602c                . = ALIGN (0x4)

.ARM            0x0800602c        0x0
                0x0800602c                . = ALIGN (0x4)
                0x0800602c                __exidx_start = .
 *(.ARM.exidx*)
                0x0800602c                __exidx_end = .
                0x0800602c                . = ALIGN (0x4)

.preinit_array  0x0800602c        0x0
                0x0800602c                . = ALIGN (0x4)
                0x0800602c                PROVIDE (__preinit_array_start = .)
 *(.preinit_array*)
                0x0800602c                PROVIDE (__preinit_array_end = .)
                0x0800602c                . = ALIGN (0x4)

.init_array     0x0800602c        0x8
                0x0800602c                . = ALIGN (0x4)
                0x0800602c                PROVIDE (__init_array_start = .)
 *(SORT_BY_NAME(.init_array.*))
 .init_array.00000
                0x0800602c        0x4 d:/env/arm-gnu-toolchain-12.2.rel1-mingw-w64-i686-arm-none-eabi/bin/../lib/gcc/arm-none-eabi/12.2.1/thumb/v7-m/nofp\libc.a(libc_a-__call_atexit.o)
 *(.init_array*)
 .init_array    0x08006030        0x4 d:/env/arm-gnu-toolchain-12.2.rel1-mingw-w64-i686-arm-none-eabi/bin/../lib/gcc/arm-none-eabi/12.2.1/thumb/v7-m/nofp/crtbegin.o
                0x08006034                PROVIDE (__init_array_end = .)
                0x08006034                . = ALIGN (0x4)

.fini_array     0x08006034        0x4
                0x08006034                . = ALIGN (0x4)
                0x08006034                PROVIDE (__fini_array_start = .)
 *(SORT_BY_NAME(.fini_array.*))
 *(.fini_array*)
 .fini_array    0x08006034        0x4 d:/env/arm-gnu-toolchain-12.2.rel1-mingw-w64-i686-arm-none-eabi/bin/../lib/gcc/arm-none-eabi/12.2.1/thumb/v7-m/nofp/crtbegin.o
                0x08006038                PROVIDE (__fini_array_end = .)
                0x08006038                . = ALIGN (0x4)
                0x08006038                _sidata = LOADADDR (.data)

.data           0x20000000       0xe0 load address 0x08006038
                0x20000000                . = ALIGN (0x4)
                0x20000000                _sdata = .
 *(.data)
 *(.data*)
 .data.SystemCoreClock
                0x20000000        0x4 CMakeFiles/hello-new-temp.elf.dir/Core/Src/system_stm32f1xx.c.obj
                0x20000000                SystemCoreClock
 .data.uwTickFreq
                0x20000004        0x1 CMakeFiles/hello-new-temp.elf.dir/Drivers/STM32F1xx_HAL_Driver/Src/stm32f1xx_hal.c.obj
                0x20000004                uwTickFreq
 *fill*         0x20000005        0x3 
 .data.uwTickPrio
                0x20000008        0x4 CMakeFiles/hello-new-temp.elf.dir/Drivers/STM32F1xx_HAL_Driver/Src/stm32f1xx_hal.c.obj
                0x20000008                uwTickPrio
 .data.USBD_DFU_DeviceQualifierDesc
                0x2000000c        0xa CMakeFiles/hello-new-temp.elf.dir/Middlewares/ST/STM32_USB_Device_Library/Class/DFU/Src/usbd_dfu.c.obj
 *fill*         0x20000016        0x2 
 .data.USBD_DFU_CfgDesc
                0x20000018       0x1b CMakeFiles/hello-new-temp.elf.dir/Middlewares/ST/STM32_USB_Device_Library/Class/DFU/Src/usbd_dfu.c.obj
 *fill*         0x20000033        0x1 
 .data.USBD_DFU
                0x20000034       0x3c CMakeFiles/hello-new-temp.elf.dir/Middlewares/ST/STM32_USB_Device_Library/Class/DFU/Src/usbd_dfu.c.obj
                0x20000034                USBD_DFU
 .data.USBD_StringSerial
                0x20000070       0x1a CMakeFiles/hello-new-temp.elf.dir/USB_DEVICE/App/usbd_desc.c.obj
                0x20000070                USBD_StringSerial
 *fill*         0x2000008a        0x2 
 .data.USBD_LangIDDesc
                0x2000008c        0x4 CMakeFiles/hello-new-temp.elf.dir/USB_DEVICE/App/usbd_desc.c.obj
                0x2000008c                USBD_LangIDDesc
 .data.USBD_FS_DeviceDesc
                0x20000090       0x12 CMakeFiles/hello-new-temp.elf.dir/USB_DEVICE/App/usbd_desc.c.obj
                0x20000090                USBD_FS_DeviceDesc
 *fill*         0x200000a2        0x2 
 .data.FS_Desc  0x200000a4       0x1c CMakeFiles/hello-new-temp.elf.dir/USB_DEVICE/App/usbd_desc.c.obj
                0x200000a4                FS_Desc
 .data.USBD_DFU_fops_FS
                0x200000c0       0x1c CMakeFiles/hello-new-temp.elf.dir/USB_DEVICE/App/usbd_dfu_if.c.obj
                0x200000c0                USBD_DFU_fops_FS
 .data.__atexit_recursive_mutex
                0x200000dc        0x4 d:/env/arm-gnu-toolchain-12.2.rel1-mingw-w64-i686-arm-none-eabi/bin/../lib/gcc/arm-none-eabi/12.2.1/thumb/v7-m/nofp\libc.a(libc_a-__call_atexit.o)
                0x200000dc                __atexit_recursive_mutex
 *(.RamFunc)
 *(.RamFunc*)
                0x200000e0                . = ALIGN (0x4)
                0x200000e0                _edata = .

.tm_clone_table
                0x200000e0        0x0 load address 0x08006118
 .tm_clone_table
                0x200000e0        0x0 d:/env/arm-gnu-toolchain-12.2.rel1-mingw-w64-i686-arm-none-eabi/bin/../lib/gcc/arm-none-eabi/12.2.1/thumb/v7-m/nofp/crtbegin.o
 .tm_clone_table
                0x200000e0        0x0 d:/env/arm-gnu-toolchain-12.2.rel1-mingw-w64-i686-arm-none-eabi/bin/../lib/gcc/arm-none-eabi/12.2.1/thumb/v7-m/nofp/crtend.o

.igot.plt       0x200000e0        0x0 load address 0x08006118
 .igot.plt      0x200000e0        0x0 d:/env/arm-gnu-toolchain-12.2.rel1-mingw-w64-i686-arm-none-eabi/bin/../lib/gcc/arm-none-eabi/12.2.1/thumb/v7-m/nofp/crtbegin.o
                0x200000e0                . = ALIGN (0x4)

.bss            0x200000e0      0xed0 load address 0x08006118
                0x200000e0                _sbss = .
                0x200000e0                __bss_start__ = _sbss
 *(.bss)
 *(.bss*)
 .bss.completed.1
                0x200000e0        0x1 d:/env/arm-gnu-toolchain-12.2.rel1-mingw-w64-i686-arm-none-eabi/bin/../lib/gcc/arm-none-eabi/12.2.1/thumb/v7-m/nofp/crtbegin.o
 *fill*         0x200000e1        0x3 
 .bss.object.0  0x200000e4       0x18 d:/env/arm-gnu-toolchain-12.2.rel1-mingw-w64-i686-arm-none-eabi/bin/../lib/gcc/arm-none-eabi/12.2.1/thumb/v7-m/nofp/crtbegin.o
 .bss.hadc1     0x200000fc       0x30 CMakeFiles/hello-new-temp.elf.dir/Core/Src/adc.c.obj
                0x200000fc                hadc1
 .bss.hrtc      0x2000012c       0x14 CMakeFiles/hello-new-temp.elf.dir/Core/Src/rtc.c.obj
                0x2000012c                hrtc
 .bss.uwTick    0x20000140        0x4 CMakeFiles/hello-new-temp.elf.dir/Drivers/STM32F1xx_HAL_Driver/Src/stm32f1xx_hal.c.obj
                0x20000140                uwTick
 .bss.USBD_StrDesc.0
                0x20000144       0xff CMakeFiles/hello-new-temp.elf.dir/Middlewares/ST/STM32_USB_Device_Library/Class/DFU/Src/usbd_dfu.c.obj
 .bss.cfgidx.0  0x20000243        0x1 CMakeFiles/hello-new-temp.elf.dir/Middlewares/ST/STM32_USB_Device_Library/Core/Src/usbd_ctlreq.c.obj
 .bss.hUsbDeviceFS
                0x20000244      0x2c4 CMakeFiles/hello-new-temp.elf.dir/USB_DEVICE/App/usb_device.c.obj
                0x20000244                hUsbDeviceFS
 .bss.USBD_StrDesc
                0x20000508      0x200 CMakeFiles/hello-new-temp.elf.dir/USB_DEVICE/App/usbd_desc.c.obj
                0x20000508                USBD_StrDesc
 .bss.mem.0     0x20000708      0x420 CMakeFiles/hello-new-temp.elf.dir/USB_DEVICE/Target/usbd_conf.c.obj
 .bss.hpcd_USB_FS
                0x20000b28      0x2f0 CMakeFiles/hello-new-temp.elf.dir/USB_DEVICE/Target/usbd_conf.c.obj
                0x20000b28                hpcd_USB_FS
 .bss.__lock___atexit_recursive_mutex
                0x20000e18        0x1 d:/env/arm-gnu-toolchain-12.2.rel1-mingw-w64-i686-arm-none-eabi/bin/../lib/gcc/arm-none-eabi/12.2.1/thumb/v7-m/nofp\libc.a(libc_a-lock.o)
                0x20000e18                __lock___atexit_recursive_mutex
 *fill*         0x20000e19        0x3 
 .bss.__atexit  0x20000e1c        0x4 d:/env/arm-gnu-toolchain-12.2.rel1-mingw-w64-i686-arm-none-eabi/bin/../lib/gcc/arm-none-eabi/12.2.1/thumb/v7-m/nofp\libc.a(libc_a-__call_atexit.o)
                0x20000e1c                __atexit
 .bss.__atexit0
                0x20000e20      0x190 d:/env/arm-gnu-toolchain-12.2.rel1-mingw-w64-i686-arm-none-eabi/bin/../lib/gcc/arm-none-eabi/12.2.1/thumb/v7-m/nofp\libc.a(libc_a-__atexit.o)
                0x20000e20                __atexit0
 *(COMMON)
                0x20000fb0                . = ALIGN (0x4)
                0x20000fb0                _ebss = .
                0x20000fb0                __bss_end__ = _ebss

._user_heap_stack
                0x20000fb0      0x600 load address 0x08006118
                0x20000fb0                . = ALIGN (0x8)
                [!provide]                PROVIDE (end = .)
                0x20000fb0                PROVIDE (_end = .)
                0x200011b0                . = (. + _Min_Heap_Size)
 *fill*         0x20000fb0      0x200 
                0x200015b0                . = (. + _Min_Stack_Size)
 *fill*         0x200011b0      0x400 
                0x200015b0                . = ALIGN (0x8)

/DISCARD/
 libc.a(*)
 libm.a(*)
 libgcc.a(*)

.ARM.attributes
                0x00000000       0x29
 *(.ARM.attributes)
 .ARM.attributes
                0x00000000       0x1d d:/env/arm-gnu-toolchain-12.2.rel1-mingw-w64-i686-arm-none-eabi/bin/../lib/gcc/arm-none-eabi/12.2.1/thumb/v7-m/nofp/crti.o
 .ARM.attributes
                0x0000001d       0x2d d:/env/arm-gnu-toolchain-12.2.rel1-mingw-w64-i686-arm-none-eabi/bin/../lib/gcc/arm-none-eabi/12.2.1/thumb/v7-m/nofp/crtbegin.o
 .ARM.attributes
                0x0000004a       0x2d CMakeFiles/hello-new-temp.elf.dir/Core/Src/adc.c.obj
 .ARM.attributes
                0x00000077       0x2d CMakeFiles/hello-new-temp.elf.dir/Core/Src/aht20.c.obj
 .ARM.attributes
                0x000000a4       0x2d CMakeFiles/hello-new-temp.elf.dir/Core/Src/gpio.c.obj
 .ARM.attributes
                0x000000d1       0x2d CMakeFiles/hello-new-temp.elf.dir/Core/Src/main.c.obj
 .ARM.attributes
                0x000000fe       0x2d CMakeFiles/hello-new-temp.elf.dir/Core/Src/oled.c.obj
 .ARM.attributes
                0x0000012b       0x2d CMakeFiles/hello-new-temp.elf.dir/Core/Src/rtc.c.obj
 .ARM.attributes
                0x00000158       0x2d CMakeFiles/hello-new-temp.elf.dir/Core/Src/stm32f1xx_hal_msp.c.obj
 .ARM.attributes
                0x00000185       0x2d CMakeFiles/hello-new-temp.elf.dir/Core/Src/stm32f1xx_it.c.obj
 .ARM.attributes
                0x000001b2       0x2d CMakeFiles/hello-new-temp.elf.dir/Core/Src/system_stm32f1xx.c.obj
 .ARM.attributes
                0x000001df       0x21 CMakeFiles/hello-new-temp.elf.dir/Core/Startup/startup_stm32f103c8tx.s.obj
 .ARM.attributes
                0x00000200       0x2d CMakeFiles/hello-new-temp.elf.dir/Drivers/STM32F1xx_HAL_Driver/Src/stm32f1xx_hal.c.obj
 .ARM.attributes
                0x0000022d       0x2d CMakeFiles/hello-new-temp.elf.dir/Drivers/STM32F1xx_HAL_Driver/Src/stm32f1xx_hal_adc.c.obj
 .ARM.attributes
                0x0000025a       0x2d CMakeFiles/hello-new-temp.elf.dir/Drivers/STM32F1xx_HAL_Driver/Src/stm32f1xx_hal_cortex.c.obj
 .ARM.attributes
                0x00000287       0x2d CMakeFiles/hello-new-temp.elf.dir/Drivers/STM32F1xx_HAL_Driver/Src/stm32f1xx_hal_gpio.c.obj
 .ARM.attributes
                0x000002b4       0x2d CMakeFiles/hello-new-temp.elf.dir/Drivers/STM32F1xx_HAL_Driver/Src/stm32f1xx_hal_pcd.c.obj
 .ARM.attributes
                0x000002e1       0x2d CMakeFiles/hello-new-temp.elf.dir/Drivers/STM32F1xx_HAL_Driver/Src/stm32f1xx_hal_pcd_ex.c.obj
 .ARM.attributes
                0x0000030e       0x2d CMakeFiles/hello-new-temp.elf.dir/Drivers/STM32F1xx_HAL_Driver/Src/stm32f1xx_hal_pwr.c.obj
 .ARM.attributes
                0x0000033b       0x2d CMakeFiles/hello-new-temp.elf.dir/Drivers/STM32F1xx_HAL_Driver/Src/stm32f1xx_hal_rcc.c.obj
 .ARM.attributes
                0x00000368       0x2d CMakeFiles/hello-new-temp.elf.dir/Drivers/STM32F1xx_HAL_Driver/Src/stm32f1xx_hal_rcc_ex.c.obj
 .ARM.attributes
                0x00000395       0x2d CMakeFiles/hello-new-temp.elf.dir/Drivers/STM32F1xx_HAL_Driver/Src/stm32f1xx_hal_rtc.c.obj
 .ARM.attributes
                0x000003c2       0x2d CMakeFiles/hello-new-temp.elf.dir/Drivers/STM32F1xx_HAL_Driver/Src/stm32f1xx_ll_usb.c.obj
 .ARM.attributes
                0x000003ef       0x2d CMakeFiles/hello-new-temp.elf.dir/Middlewares/ST/STM32_USB_Device_Library/Class/DFU/Src/usbd_dfu.c.obj
 .ARM.attributes
                0x0000041c       0x2d CMakeFiles/hello-new-temp.elf.dir/Middlewares/ST/STM32_USB_Device_Library/Core/Src/usbd_core.c.obj
 .ARM.attributes
                0x00000449       0x2d CMakeFiles/hello-new-temp.elf.dir/Middlewares/ST/STM32_USB_Device_Library/Core/Src/usbd_ctlreq.c.obj
 .ARM.attributes
                0x00000476       0x2d CMakeFiles/hello-new-temp.elf.dir/Middlewares/ST/STM32_USB_Device_Library/Core/Src/usbd_ioreq.c.obj
 .ARM.attributes
                0x000004a3       0x2d CMakeFiles/hello-new-temp.elf.dir/USB_DEVICE/App/usb_device.c.obj
 .ARM.attributes
                0x000004d0       0x2d CMakeFiles/hello-new-temp.elf.dir/USB_DEVICE/App/usbd_desc.c.obj
 .ARM.attributes
                0x000004fd       0x2d CMakeFiles/hello-new-temp.elf.dir/USB_DEVICE/App/usbd_dfu_if.c.obj
 .ARM.attributes
                0x0000052a       0x2d CMakeFiles/hello-new-temp.elf.dir/USB_DEVICE/Target/usbd_conf.c.obj
 .ARM.attributes
                0x00000557       0x2d d:/env/arm-gnu-toolchain-12.2.rel1-mingw-w64-i686-arm-none-eabi/bin/../lib/gcc/arm-none-eabi/12.2.1/thumb/v7-m/nofp\libc.a(libc_a-memset.o)
 .ARM.attributes
                0x00000584       0x2d d:/env/arm-gnu-toolchain-12.2.rel1-mingw-w64-i686-arm-none-eabi/bin/../lib/gcc/arm-none-eabi/12.2.1/thumb/v7-m/nofp\libc.a(libc_a-init.o)
 .ARM.attributes
                0x000005b1       0x2d d:/env/arm-gnu-toolchain-12.2.rel1-mingw-w64-i686-arm-none-eabi/bin/../lib/gcc/arm-none-eabi/12.2.1/thumb/v7-m/nofp\libc.a(libc_a-lock.o)
 .ARM.attributes
                0x000005de       0x2d d:/env/arm-gnu-toolchain-12.2.rel1-mingw-w64-i686-arm-none-eabi/bin/../lib/gcc/arm-none-eabi/12.2.1/thumb/v7-m/nofp\libc.a(libc_a-__call_atexit.o)
 .ARM.attributes
                0x0000060b       0x2d d:/env/arm-gnu-toolchain-12.2.rel1-mingw-w64-i686-arm-none-eabi/bin/../lib/gcc/arm-none-eabi/12.2.1/thumb/v7-m/nofp\libc.a(libc_a-atexit.o)
 .ARM.attributes
                0x00000638       0x2d d:/env/arm-gnu-toolchain-12.2.rel1-mingw-w64-i686-arm-none-eabi/bin/../lib/gcc/arm-none-eabi/12.2.1/thumb/v7-m/nofp\libc.a(libc_a-fini.o)
 .ARM.attributes
                0x00000665       0x2d d:/env/arm-gnu-toolchain-12.2.rel1-mingw-w64-i686-arm-none-eabi/bin/../lib/gcc/arm-none-eabi/12.2.1/thumb/v7-m/nofp\libc.a(libc_a-__atexit.o)
 .ARM.attributes
                0x00000692       0x2d d:/env/arm-gnu-toolchain-12.2.rel1-mingw-w64-i686-arm-none-eabi/bin/../lib/gcc/arm-none-eabi/12.2.1/thumb/v7-m/nofp/crtend.o
 .ARM.attributes
                0x000006bf       0x1d d:/env/arm-gnu-toolchain-12.2.rel1-mingw-w64-i686-arm-none-eabi/bin/../lib/gcc/arm-none-eabi/12.2.1/thumb/v7-m/nofp/crtn.o
OUTPUT(hello-new-temp.elf elf32-littlearm)
LOAD linker stubs
LOAD d:/env/arm-gnu-toolchain-12.2.rel1-mingw-w64-i686-arm-none-eabi/bin/../lib/gcc/arm-none-eabi/12.2.1/thumb/v7-m/nofp\libc.a
LOAD d:/env/arm-gnu-toolchain-12.2.rel1-mingw-w64-i686-arm-none-eabi/bin/../lib/gcc/arm-none-eabi/12.2.1/thumb/v7-m/nofp\libm.a
LOAD d:/env/arm-gnu-toolchain-12.2.rel1-mingw-w64-i686-arm-none-eabi/bin/../lib/gcc/arm-none-eabi/12.2.1/thumb/v7-m/nofp\libgcc.a

.debug_info     0x00000000    0x13976
 .debug_info    0x00000000      0x839 CMakeFiles/hello-new-temp.elf.dir/Core/Src/adc.c.obj
 .debug_info    0x00000839      0x6d4 CMakeFiles/hello-new-temp.elf.dir/Core/Src/aht20.c.obj
 .debug_info    0x00000f0d      0x378 CMakeFiles/hello-new-temp.elf.dir/Core/Src/gpio.c.obj
 .debug_info    0x00001285      0x545 CMakeFiles/hello-new-temp.elf.dir/Core/Src/main.c.obj
 .debug_info    0x000017ca      0xe63 CMakeFiles/hello-new-temp.elf.dir/Core/Src/oled.c.obj
 .debug_info    0x0000262d      0x416 CMakeFiles/hello-new-temp.elf.dir/Core/Src/rtc.c.obj
 .debug_info    0x00002a43      0x1f4 CMakeFiles/hello-new-temp.elf.dir/Core/Src/stm32f1xx_hal_msp.c.obj
 .debug_info    0x00002c37      0x60d CMakeFiles/hello-new-temp.elf.dir/Core/Src/stm32f1xx_it.c.obj
 .debug_info    0x00003244      0x22d CMakeFiles/hello-new-temp.elf.dir/Core/Src/system_stm32f1xx.c.obj
 .debug_info    0x00003471       0x2e CMakeFiles/hello-new-temp.elf.dir/Core/Startup/startup_stm32f103c8tx.s.obj
 .debug_info    0x0000349f      0x7f7 CMakeFiles/hello-new-temp.elf.dir/Drivers/STM32F1xx_HAL_Driver/Src/stm32f1xx_hal.c.obj
 .debug_info    0x00003c96     0x12aa CMakeFiles/hello-new-temp.elf.dir/Drivers/STM32F1xx_HAL_Driver/Src/stm32f1xx_hal_adc.c.obj
 .debug_info    0x00004f40      0xe05 CMakeFiles/hello-new-temp.elf.dir/Drivers/STM32F1xx_HAL_Driver/Src/stm32f1xx_hal_cortex.c.obj
 .debug_info    0x00005d45      0x851 CMakeFiles/hello-new-temp.elf.dir/Drivers/STM32F1xx_HAL_Driver/Src/stm32f1xx_hal_gpio.c.obj
 .debug_info    0x00006596     0x1cc6 CMakeFiles/hello-new-temp.elf.dir/Drivers/STM32F1xx_HAL_Driver/Src/stm32f1xx_hal_pcd.c.obj
 .debug_info    0x0000825c      0x6c5 CMakeFiles/hello-new-temp.elf.dir/Drivers/STM32F1xx_HAL_Driver/Src/stm32f1xx_hal_pcd_ex.c.obj
 .debug_info    0x00008921      0x767 CMakeFiles/hello-new-temp.elf.dir/Drivers/STM32F1xx_HAL_Driver/Src/stm32f1xx_hal_pwr.c.obj
 .debug_info    0x00009088      0xc7f CMakeFiles/hello-new-temp.elf.dir/Drivers/STM32F1xx_HAL_Driver/Src/stm32f1xx_hal_rcc.c.obj
 .debug_info    0x00009d07      0x4cf CMakeFiles/hello-new-temp.elf.dir/Drivers/STM32F1xx_HAL_Driver/Src/stm32f1xx_hal_rcc_ex.c.obj
 .debug_info    0x0000a1d6     0x1760 CMakeFiles/hello-new-temp.elf.dir/Drivers/STM32F1xx_HAL_Driver/Src/stm32f1xx_hal_rtc.c.obj
 .debug_info    0x0000b936     0x1b0e CMakeFiles/hello-new-temp.elf.dir/Drivers/STM32F1xx_HAL_Driver/Src/stm32f1xx_ll_usb.c.obj
 .debug_info    0x0000d444     0x12f6 CMakeFiles/hello-new-temp.elf.dir/Middlewares/ST/STM32_USB_Device_Library/Class/DFU/Src/usbd_dfu.c.obj
 .debug_info    0x0000e73a      0xdcc CMakeFiles/hello-new-temp.elf.dir/Middlewares/ST/STM32_USB_Device_Library/Core/Src/usbd_core.c.obj
 .debug_info    0x0000f506     0x1093 CMakeFiles/hello-new-temp.elf.dir/Middlewares/ST/STM32_USB_Device_Library/Core/Src/usbd_ctlreq.c.obj
 .debug_info    0x00010599      0x7db CMakeFiles/hello-new-temp.elf.dir/Middlewares/ST/STM32_USB_Device_Library/Core/Src/usbd_ioreq.c.obj
 .debug_info    0x00010d74      0x730 CMakeFiles/hello-new-temp.elf.dir/USB_DEVICE/App/usb_device.c.obj
 .debug_info    0x000114a4      0x5b6 CMakeFiles/hello-new-temp.elf.dir/USB_DEVICE/App/usbd_desc.c.obj
 .debug_info    0x00011a5a      0x315 CMakeFiles/hello-new-temp.elf.dir/USB_DEVICE/App/usbd_dfu_if.c.obj
 .debug_info    0x00011d6f     0x1c07 CMakeFiles/hello-new-temp.elf.dir/USB_DEVICE/Target/usbd_conf.c.obj

.debug_abbrev   0x00000000     0x3cea
 .debug_abbrev  0x00000000      0x1ff CMakeFiles/hello-new-temp.elf.dir/Core/Src/adc.c.obj
 .debug_abbrev  0x000001ff      0x212 CMakeFiles/hello-new-temp.elf.dir/Core/Src/aht20.c.obj
 .debug_abbrev  0x00000411      0x151 CMakeFiles/hello-new-temp.elf.dir/Core/Src/gpio.c.obj
 .debug_abbrev  0x00000562      0x1f3 CMakeFiles/hello-new-temp.elf.dir/Core/Src/main.c.obj
 .debug_abbrev  0x00000755      0x251 CMakeFiles/hello-new-temp.elf.dir/Core/Src/oled.c.obj
 .debug_abbrev  0x000009a6      0x1cf CMakeFiles/hello-new-temp.elf.dir/Core/Src/rtc.c.obj
 .debug_abbrev  0x00000b75       0xed CMakeFiles/hello-new-temp.elf.dir/Core/Src/stm32f1xx_hal_msp.c.obj
 .debug_abbrev  0x00000c62      0x19b CMakeFiles/hello-new-temp.elf.dir/Core/Src/stm32f1xx_it.c.obj
 .debug_abbrev  0x00000dfd      0x143 CMakeFiles/hello-new-temp.elf.dir/Core/Src/system_stm32f1xx.c.obj
 .debug_abbrev  0x00000f40       0x1d CMakeFiles/hello-new-temp.elf.dir/Core/Startup/startup_stm32f103c8tx.s.obj
 .debug_abbrev  0x00000f5d      0x235 CMakeFiles/hello-new-temp.elf.dir/Drivers/STM32F1xx_HAL_Driver/Src/stm32f1xx_hal.c.obj
 .debug_abbrev  0x00001192      0x252 CMakeFiles/hello-new-temp.elf.dir/Drivers/STM32F1xx_HAL_Driver/Src/stm32f1xx_hal_adc.c.obj
 .debug_abbrev  0x000013e4      0x3d1 CMakeFiles/hello-new-temp.elf.dir/Drivers/STM32F1xx_HAL_Driver/Src/stm32f1xx_hal_cortex.c.obj
 .debug_abbrev  0x000017b5      0x234 CMakeFiles/hello-new-temp.elf.dir/Drivers/STM32F1xx_HAL_Driver/Src/stm32f1xx_hal_gpio.c.obj
 .debug_abbrev  0x000019e9      0x30f CMakeFiles/hello-new-temp.elf.dir/Drivers/STM32F1xx_HAL_Driver/Src/stm32f1xx_hal_pcd.c.obj
 .debug_abbrev  0x00001cf8      0x19f CMakeFiles/hello-new-temp.elf.dir/Drivers/STM32F1xx_HAL_Driver/Src/stm32f1xx_hal_pcd_ex.c.obj
 .debug_abbrev  0x00001e97      0x213 CMakeFiles/hello-new-temp.elf.dir/Drivers/STM32F1xx_HAL_Driver/Src/stm32f1xx_hal_pwr.c.obj
 .debug_abbrev  0x000020aa      0x2b4 CMakeFiles/hello-new-temp.elf.dir/Drivers/STM32F1xx_HAL_Driver/Src/stm32f1xx_hal_rcc.c.obj
 .debug_abbrev  0x0000235e      0x214 CMakeFiles/hello-new-temp.elf.dir/Drivers/STM32F1xx_HAL_Driver/Src/stm32f1xx_hal_rcc_ex.c.obj
 .debug_abbrev  0x00002572      0x24a CMakeFiles/hello-new-temp.elf.dir/Drivers/STM32F1xx_HAL_Driver/Src/stm32f1xx_hal_rtc.c.obj
 .debug_abbrev  0x000027bc      0x233 CMakeFiles/hello-new-temp.elf.dir/Drivers/STM32F1xx_HAL_Driver/Src/stm32f1xx_ll_usb.c.obj
 .debug_abbrev  0x000029ef      0x3a4 CMakeFiles/hello-new-temp.elf.dir/Middlewares/ST/STM32_USB_Device_Library/Class/DFU/Src/usbd_dfu.c.obj
 .debug_abbrev  0x00002d93      0x289 CMakeFiles/hello-new-temp.elf.dir/Middlewares/ST/STM32_USB_Device_Library/Core/Src/usbd_core.c.obj
 .debug_abbrev  0x0000301c      0x2eb CMakeFiles/hello-new-temp.elf.dir/Middlewares/ST/STM32_USB_Device_Library/Core/Src/usbd_ctlreq.c.obj
 .debug_abbrev  0x00003307      0x1a8 CMakeFiles/hello-new-temp.elf.dir/Middlewares/ST/STM32_USB_Device_Library/Core/Src/usbd_ioreq.c.obj
 .debug_abbrev  0x000034af      0x1af CMakeFiles/hello-new-temp.elf.dir/USB_DEVICE/App/usb_device.c.obj
 .debug_abbrev  0x0000365e      0x220 CMakeFiles/hello-new-temp.elf.dir/USB_DEVICE/App/usbd_desc.c.obj
 .debug_abbrev  0x0000387e      0x135 CMakeFiles/hello-new-temp.elf.dir/USB_DEVICE/App/usbd_dfu_if.c.obj
 .debug_abbrev  0x000039b3      0x337 CMakeFiles/hello-new-temp.elf.dir/USB_DEVICE/Target/usbd_conf.c.obj

.debug_loclists
                0x00000000     0x752c
 .debug_loclists
                0x00000000       0x5c CMakeFiles/hello-new-temp.elf.dir/Core/Src/adc.c.obj
 .debug_loclists
                0x0000005c      0x1a3 CMakeFiles/hello-new-temp.elf.dir/Core/Src/aht20.c.obj
 .debug_loclists
                0x000001ff      0x557 CMakeFiles/hello-new-temp.elf.dir/Core/Src/oled.c.obj
 .debug_loclists
                0x00000756       0x23 CMakeFiles/hello-new-temp.elf.dir/Core/Src/rtc.c.obj
 .debug_loclists
                0x00000779       0x17 CMakeFiles/hello-new-temp.elf.dir/Core/Src/stm32f1xx_hal_msp.c.obj
 .debug_loclists
                0x00000790       0xa5 CMakeFiles/hello-new-temp.elf.dir/Core/Src/system_stm32f1xx.c.obj
 .debug_loclists
                0x00000835       0xbe CMakeFiles/hello-new-temp.elf.dir/Drivers/STM32F1xx_HAL_Driver/Src/stm32f1xx_hal.c.obj
 .debug_loclists
                0x000008f3      0x652 CMakeFiles/hello-new-temp.elf.dir/Drivers/STM32F1xx_HAL_Driver/Src/stm32f1xx_hal_adc.c.obj
 .debug_loclists
                0x00000f45      0x490 CMakeFiles/hello-new-temp.elf.dir/Drivers/STM32F1xx_HAL_Driver/Src/stm32f1xx_hal_cortex.c.obj
 .debug_loclists
                0x000013d5      0x3a6 CMakeFiles/hello-new-temp.elf.dir/Drivers/STM32F1xx_HAL_Driver/Src/stm32f1xx_hal_gpio.c.obj
 .debug_loclists
                0x0000177b      0xd42 CMakeFiles/hello-new-temp.elf.dir/Drivers/STM32F1xx_HAL_Driver/Src/stm32f1xx_hal_pcd.c.obj
 .debug_loclists
                0x000024bd       0xc0 CMakeFiles/hello-new-temp.elf.dir/Drivers/STM32F1xx_HAL_Driver/Src/stm32f1xx_hal_pcd_ex.c.obj
 .debug_loclists
                0x0000257d      0x16b CMakeFiles/hello-new-temp.elf.dir/Drivers/STM32F1xx_HAL_Driver/Src/stm32f1xx_hal_pwr.c.obj
 .debug_loclists
                0x000026e8      0x467 CMakeFiles/hello-new-temp.elf.dir/Drivers/STM32F1xx_HAL_Driver/Src/stm32f1xx_hal_rcc.c.obj
 .debug_loclists
                0x00002b4f      0x251 CMakeFiles/hello-new-temp.elf.dir/Drivers/STM32F1xx_HAL_Driver/Src/stm32f1xx_hal_rcc_ex.c.obj
 .debug_loclists
                0x00002da0     0x1033 CMakeFiles/hello-new-temp.elf.dir/Drivers/STM32F1xx_HAL_Driver/Src/stm32f1xx_hal_rtc.c.obj
 .debug_loclists
                0x00003dd3      0xfaa CMakeFiles/hello-new-temp.elf.dir/Drivers/STM32F1xx_HAL_Driver/Src/stm32f1xx_ll_usb.c.obj
 .debug_loclists
                0x00004d7d      0x977 CMakeFiles/hello-new-temp.elf.dir/Middlewares/ST/STM32_USB_Device_Library/Class/DFU/Src/usbd_dfu.c.obj
 .debug_loclists
                0x000056f4      0x5e1 CMakeFiles/hello-new-temp.elf.dir/Middlewares/ST/STM32_USB_Device_Library/Core/Src/usbd_core.c.obj
 .debug_loclists
                0x00005cd5      0xd12 CMakeFiles/hello-new-temp.elf.dir/Middlewares/ST/STM32_USB_Device_Library/Core/Src/usbd_ctlreq.c.obj
 .debug_loclists
                0x000069e7      0x198 CMakeFiles/hello-new-temp.elf.dir/Middlewares/ST/STM32_USB_Device_Library/Core/Src/usbd_ioreq.c.obj
 .debug_loclists
                0x00006b7f      0x22d CMakeFiles/hello-new-temp.elf.dir/USB_DEVICE/App/usbd_desc.c.obj
 .debug_loclists
                0x00006dac       0x68 CMakeFiles/hello-new-temp.elf.dir/USB_DEVICE/App/usbd_dfu_if.c.obj
 .debug_loclists
                0x00006e14      0x718 CMakeFiles/hello-new-temp.elf.dir/USB_DEVICE/Target/usbd_conf.c.obj

.debug_aranges  0x00000000      0xe80
 .debug_aranges
                0x00000000       0x30 CMakeFiles/hello-new-temp.elf.dir/Core/Src/adc.c.obj
 .debug_aranges
                0x00000030       0x58 CMakeFiles/hello-new-temp.elf.dir/Core/Src/aht20.c.obj
 .debug_aranges
                0x00000088       0x20 CMakeFiles/hello-new-temp.elf.dir/Core/Src/gpio.c.obj
 .debug_aranges
                0x000000a8       0x38 CMakeFiles/hello-new-temp.elf.dir/Core/Src/main.c.obj
 .debug_aranges
                0x000000e0       0xa0 CMakeFiles/hello-new-temp.elf.dir/Core/Src/oled.c.obj
 .debug_aranges
                0x00000180       0x30 CMakeFiles/hello-new-temp.elf.dir/Core/Src/rtc.c.obj
 .debug_aranges
                0x000001b0       0x20 CMakeFiles/hello-new-temp.elf.dir/Core/Src/stm32f1xx_hal_msp.c.obj
 .debug_aranges
                0x000001d0       0x68 CMakeFiles/hello-new-temp.elf.dir/Core/Src/stm32f1xx_it.c.obj
 .debug_aranges
                0x00000238       0x28 CMakeFiles/hello-new-temp.elf.dir/Core/Src/system_stm32f1xx.c.obj
 .debug_aranges
                0x00000260       0x28 CMakeFiles/hello-new-temp.elf.dir/Core/Startup/startup_stm32f103c8tx.s.obj
 .debug_aranges
                0x00000288       0xe0 CMakeFiles/hello-new-temp.elf.dir/Drivers/STM32F1xx_HAL_Driver/Src/stm32f1xx_hal.c.obj
 .debug_aranges
                0x00000368       0xf0 CMakeFiles/hello-new-temp.elf.dir/Drivers/STM32F1xx_HAL_Driver/Src/stm32f1xx_hal_adc.c.obj
 .debug_aranges
                0x00000458       0xc0 CMakeFiles/hello-new-temp.elf.dir/Drivers/STM32F1xx_HAL_Driver/Src/stm32f1xx_hal_cortex.c.obj
 .debug_aranges
                0x00000518       0x58 CMakeFiles/hello-new-temp.elf.dir/Drivers/STM32F1xx_HAL_Driver/Src/stm32f1xx_hal_gpio.c.obj
 .debug_aranges
                0x00000570      0x140 CMakeFiles/hello-new-temp.elf.dir/Drivers/STM32F1xx_HAL_Driver/Src/stm32f1xx_hal_pcd.c.obj
 .debug_aranges
                0x000006b0       0x38 CMakeFiles/hello-new-temp.elf.dir/Drivers/STM32F1xx_HAL_Driver/Src/stm32f1xx_hal_pcd_ex.c.obj
 .debug_aranges
                0x000006e8       0xa8 CMakeFiles/hello-new-temp.elf.dir/Drivers/STM32F1xx_HAL_Driver/Src/stm32f1xx_hal_pwr.c.obj
 .debug_aranges
                0x00000790       0x90 CMakeFiles/hello-new-temp.elf.dir/Drivers/STM32F1xx_HAL_Driver/Src/stm32f1xx_hal_rcc.c.obj
 .debug_aranges
                0x00000820       0x30 CMakeFiles/hello-new-temp.elf.dir/Drivers/STM32F1xx_HAL_Driver/Src/stm32f1xx_hal_rcc_ex.c.obj
 .debug_aranges
                0x00000850       0xf8 CMakeFiles/hello-new-temp.elf.dir/Drivers/STM32F1xx_HAL_Driver/Src/stm32f1xx_hal_rtc.c.obj
 .debug_aranges
                0x00000948       0xf8 CMakeFiles/hello-new-temp.elf.dir/Drivers/STM32F1xx_HAL_Driver/Src/stm32f1xx_ll_usb.c.obj
 .debug_aranges
                0x00000a40       0xd0 CMakeFiles/hello-new-temp.elf.dir/Middlewares/ST/STM32_USB_Device_Library/Class/DFU/Src/usbd_dfu.c.obj
 .debug_aranges
                0x00000b10       0xb8 CMakeFiles/hello-new-temp.elf.dir/Middlewares/ST/STM32_USB_Device_Library/Core/Src/usbd_core.c.obj
 .debug_aranges
                0x00000bc8       0x88 CMakeFiles/hello-new-temp.elf.dir/Middlewares/ST/STM32_USB_Device_Library/Core/Src/usbd_ctlreq.c.obj
 .debug_aranges
                0x00000c50       0x50 CMakeFiles/hello-new-temp.elf.dir/Middlewares/ST/STM32_USB_Device_Library/Core/Src/usbd_ioreq.c.obj
 .debug_aranges
                0x00000ca0       0x20 CMakeFiles/hello-new-temp.elf.dir/USB_DEVICE/App/usb_device.c.obj
 .debug_aranges
                0x00000cc0       0x60 CMakeFiles/hello-new-temp.elf.dir/USB_DEVICE/App/usbd_desc.c.obj
 .debug_aranges
                0x00000d20       0x48 CMakeFiles/hello-new-temp.elf.dir/USB_DEVICE/App/usbd_dfu_if.c.obj
 .debug_aranges
                0x00000d68      0x118 CMakeFiles/hello-new-temp.elf.dir/USB_DEVICE/Target/usbd_conf.c.obj

.debug_rnglists
                0x00000000      0xca3
 .debug_rnglists
                0x00000000       0x1f CMakeFiles/hello-new-temp.elf.dir/Core/Src/adc.c.obj
 .debug_rnglists
                0x0000001f       0x3d CMakeFiles/hello-new-temp.elf.dir/Core/Src/aht20.c.obj
 .debug_rnglists
                0x0000005c       0x14 CMakeFiles/hello-new-temp.elf.dir/Core/Src/gpio.c.obj
 .debug_rnglists
                0x00000070       0x26 CMakeFiles/hello-new-temp.elf.dir/Core/Src/main.c.obj
 .debug_rnglists
                0x00000096       0x76 CMakeFiles/hello-new-temp.elf.dir/Core/Src/oled.c.obj
 .debug_rnglists
                0x0000010c       0x1f CMakeFiles/hello-new-temp.elf.dir/Core/Src/rtc.c.obj
 .debug_rnglists
                0x0000012b       0x13 CMakeFiles/hello-new-temp.elf.dir/Core/Src/stm32f1xx_hal_msp.c.obj
 .debug_rnglists
                0x0000013e       0x49 CMakeFiles/hello-new-temp.elf.dir/Core/Src/stm32f1xx_it.c.obj
 .debug_rnglists
                0x00000187       0x1a CMakeFiles/hello-new-temp.elf.dir/Core/Src/system_stm32f1xx.c.obj
 .debug_rnglists
                0x000001a1       0x19 CMakeFiles/hello-new-temp.elf.dir/Core/Startup/startup_stm32f103c8tx.s.obj
 .debug_rnglists
                0x000001ba       0xa3 CMakeFiles/hello-new-temp.elf.dir/Drivers/STM32F1xx_HAL_Driver/Src/stm32f1xx_hal.c.obj
 .debug_rnglists
                0x0000025d       0xba CMakeFiles/hello-new-temp.elf.dir/Drivers/STM32F1xx_HAL_Driver/Src/stm32f1xx_hal_adc.c.obj
 .debug_rnglists
                0x00000317       0xc7 CMakeFiles/hello-new-temp.elf.dir/Drivers/STM32F1xx_HAL_Driver/Src/stm32f1xx_hal_cortex.c.obj
 .debug_rnglists
                0x000003de       0x3f CMakeFiles/hello-new-temp.elf.dir/Drivers/STM32F1xx_HAL_Driver/Src/stm32f1xx_hal_gpio.c.obj
 .debug_rnglists
                0x0000041d      0x16c CMakeFiles/hello-new-temp.elf.dir/Drivers/STM32F1xx_HAL_Driver/Src/stm32f1xx_hal_pcd.c.obj
 .debug_rnglists
                0x00000589       0x25 CMakeFiles/hello-new-temp.elf.dir/Drivers/STM32F1xx_HAL_Driver/Src/stm32f1xx_hal_pcd_ex.c.obj
 .debug_rnglists
                0x000005ae       0x7a CMakeFiles/hello-new-temp.elf.dir/Drivers/STM32F1xx_HAL_Driver/Src/stm32f1xx_hal_pwr.c.obj
 .debug_rnglists
                0x00000628       0x7f CMakeFiles/hello-new-temp.elf.dir/Drivers/STM32F1xx_HAL_Driver/Src/stm32f1xx_hal_rcc.c.obj
 .debug_rnglists
                0x000006a7       0x30 CMakeFiles/hello-new-temp.elf.dir/Drivers/STM32F1xx_HAL_Driver/Src/stm32f1xx_hal_rcc_ex.c.obj
 .debug_rnglists
                0x000006d7       0xc0 CMakeFiles/hello-new-temp.elf.dir/Drivers/STM32F1xx_HAL_Driver/Src/stm32f1xx_hal_rtc.c.obj
 .debug_rnglists
                0x00000797      0x1fb CMakeFiles/hello-new-temp.elf.dir/Drivers/STM32F1xx_HAL_Driver/Src/stm32f1xx_ll_usb.c.obj
 .debug_rnglists
                0x00000992       0x9b CMakeFiles/hello-new-temp.elf.dir/Middlewares/ST/STM32_USB_Device_Library/Class/DFU/Src/usbd_dfu.c.obj
 .debug_rnglists
                0x00000a2d       0x87 CMakeFiles/hello-new-temp.elf.dir/Middlewares/ST/STM32_USB_Device_Library/Core/Src/usbd_core.c.obj
 .debug_rnglists
                0x00000ab4       0x64 CMakeFiles/hello-new-temp.elf.dir/Middlewares/ST/STM32_USB_Device_Library/Core/Src/usbd_ctlreq.c.obj
 .debug_rnglists
                0x00000b18       0x37 CMakeFiles/hello-new-temp.elf.dir/Middlewares/ST/STM32_USB_Device_Library/Core/Src/usbd_ioreq.c.obj
 .debug_rnglists
                0x00000b4f       0x13 CMakeFiles/hello-new-temp.elf.dir/USB_DEVICE/App/usb_device.c.obj
 .debug_rnglists
                0x00000b62       0x43 CMakeFiles/hello-new-temp.elf.dir/USB_DEVICE/App/usbd_desc.c.obj
 .debug_rnglists
                0x00000ba5       0x31 CMakeFiles/hello-new-temp.elf.dir/USB_DEVICE/App/usbd_dfu_if.c.obj
 .debug_rnglists
                0x00000bd6       0xcd CMakeFiles/hello-new-temp.elf.dir/USB_DEVICE/Target/usbd_conf.c.obj

.debug_line     0x00000000     0xdd26
 .debug_line    0x00000000      0x355 CMakeFiles/hello-new-temp.elf.dir/Core/Src/adc.c.obj
 .debug_line    0x00000355      0x43b CMakeFiles/hello-new-temp.elf.dir/Core/Src/aht20.c.obj
 .debug_line    0x00000790      0x264 CMakeFiles/hello-new-temp.elf.dir/Core/Src/gpio.c.obj
 .debug_line    0x000009f4      0x3d5 CMakeFiles/hello-new-temp.elf.dir/Core/Src/main.c.obj
 .debug_line    0x00000dc9      0x720 CMakeFiles/hello-new-temp.elf.dir/Core/Src/oled.c.obj
 .debug_line    0x000014e9      0x2c4 CMakeFiles/hello-new-temp.elf.dir/Core/Src/rtc.c.obj
 .debug_line    0x000017ad      0x1a6 CMakeFiles/hello-new-temp.elf.dir/Core/Src/stm32f1xx_hal_msp.c.obj
 .debug_line    0x00001953      0x32a CMakeFiles/hello-new-temp.elf.dir/Core/Src/stm32f1xx_it.c.obj
 .debug_line    0x00001c7d      0x270 CMakeFiles/hello-new-temp.elf.dir/Core/Src/system_stm32f1xx.c.obj
 .debug_line    0x00001eed       0x78 CMakeFiles/hello-new-temp.elf.dir/Core/Startup/startup_stm32f103c8tx.s.obj
 .debug_line    0x00001f65      0x5d2 CMakeFiles/hello-new-temp.elf.dir/Drivers/STM32F1xx_HAL_Driver/Src/stm32f1xx_hal.c.obj
 .debug_line    0x00002537     0x10ba CMakeFiles/hello-new-temp.elf.dir/Drivers/STM32F1xx_HAL_Driver/Src/stm32f1xx_hal_adc.c.obj
 .debug_line    0x000035f1      0x8b4 CMakeFiles/hello-new-temp.elf.dir/Drivers/STM32F1xx_HAL_Driver/Src/stm32f1xx_hal_cortex.c.obj
 .debug_line    0x00003ea5      0x71b CMakeFiles/hello-new-temp.elf.dir/Drivers/STM32F1xx_HAL_Driver/Src/stm32f1xx_hal_gpio.c.obj
 .debug_line    0x000045c0     0x1a6a CMakeFiles/hello-new-temp.elf.dir/Drivers/STM32F1xx_HAL_Driver/Src/stm32f1xx_hal_pcd.c.obj
 .debug_line    0x0000602a      0x2d3 CMakeFiles/hello-new-temp.elf.dir/Drivers/STM32F1xx_HAL_Driver/Src/stm32f1xx_hal_pcd_ex.c.obj
 .debug_line    0x000062fd      0x57b CMakeFiles/hello-new-temp.elf.dir/Drivers/STM32F1xx_HAL_Driver/Src/stm32f1xx_hal_pwr.c.obj
 .debug_line    0x00006878      0xe1b CMakeFiles/hello-new-temp.elf.dir/Drivers/STM32F1xx_HAL_Driver/Src/stm32f1xx_hal_rcc.c.obj
 .debug_line    0x00007693      0x553 CMakeFiles/hello-new-temp.elf.dir/Drivers/STM32F1xx_HAL_Driver/Src/stm32f1xx_hal_rcc_ex.c.obj
 .debug_line    0x00007be6     0x12c9 CMakeFiles/hello-new-temp.elf.dir/Drivers/STM32F1xx_HAL_Driver/Src/stm32f1xx_hal_rtc.c.obj
 .debug_line    0x00008eaf     0x198a CMakeFiles/hello-new-temp.elf.dir/Drivers/STM32F1xx_HAL_Driver/Src/stm32f1xx_ll_usb.c.obj
 .debug_line    0x0000a839      0xeaf CMakeFiles/hello-new-temp.elf.dir/Middlewares/ST/STM32_USB_Device_Library/Class/DFU/Src/usbd_dfu.c.obj
 .debug_line    0x0000b6e8      0x757 CMakeFiles/hello-new-temp.elf.dir/Middlewares/ST/STM32_USB_Device_Library/Core/Src/usbd_core.c.obj
 .debug_line    0x0000be3f      0xb5c CMakeFiles/hello-new-temp.elf.dir/Middlewares/ST/STM32_USB_Device_Library/Core/Src/usbd_ctlreq.c.obj
 .debug_line    0x0000c99b      0x2ce CMakeFiles/hello-new-temp.elf.dir/Middlewares/ST/STM32_USB_Device_Library/Core/Src/usbd_ioreq.c.obj
 .debug_line    0x0000cc69      0x27f CMakeFiles/hello-new-temp.elf.dir/USB_DEVICE/App/usb_device.c.obj
 .debug_line    0x0000cee8      0x392 CMakeFiles/hello-new-temp.elf.dir/USB_DEVICE/App/usbd_desc.c.obj
 .debug_line    0x0000d27a      0x289 CMakeFiles/hello-new-temp.elf.dir/USB_DEVICE/App/usbd_dfu_if.c.obj
 .debug_line    0x0000d503      0x823 CMakeFiles/hello-new-temp.elf.dir/USB_DEVICE/Target/usbd_conf.c.obj

.debug_str      0x00000000     0x3dd1
 .debug_str     0x00000000      0x5b5 CMakeFiles/hello-new-temp.elf.dir/Core/Src/adc.c.obj
                                0x64e (size before relaxing)
 .debug_str     0x000005b5       0xff CMakeFiles/hello-new-temp.elf.dir/Core/Src/aht20.c.obj
                                0x2ff (size before relaxing)
 .debug_str     0x000006b4       0x33 CMakeFiles/hello-new-temp.elf.dir/Core/Src/gpio.c.obj
                                0x2a8 (size before relaxing)
 .debug_str     0x000006e7      0x291 CMakeFiles/hello-new-temp.elf.dir/Core/Src/main.c.obj
                                0x4ce (size before relaxing)
 .debug_str     0x00000978       0xf7 CMakeFiles/hello-new-temp.elf.dir/Core/Src/oled.c.obj
                                0x353 (size before relaxing)
 .debug_str     0x00000a6f      0x184 CMakeFiles/hello-new-temp.elf.dir/Core/Src/rtc.c.obj
                                0x417 (size before relaxing)
 .debug_str     0x00000bf3       0x6d CMakeFiles/hello-new-temp.elf.dir/Core/Src/stm32f1xx_hal_msp.c.obj
                                0x23c (size before relaxing)
 .debug_str     0x00000c60      0x3e9 CMakeFiles/hello-new-temp.elf.dir/Core/Src/stm32f1xx_it.c.obj
                                0x5fe (size before relaxing)
 .debug_str     0x00001049       0x91 CMakeFiles/hello-new-temp.elf.dir/Core/Src/system_stm32f1xx.c.obj
                                0x271 (size before relaxing)
 .debug_str     0x000010da       0x57 CMakeFiles/hello-new-temp.elf.dir/Core/Startup/startup_stm32f103c8tx.s.obj
                                 0x85 (size before relaxing)
 .debug_str     0x00001131      0x5fe CMakeFiles/hello-new-temp.elf.dir/Drivers/STM32F1xx_HAL_Driver/Src/stm32f1xx_hal.c.obj
                                0x86b (size before relaxing)
 .debug_str     0x0000172f      0x359 CMakeFiles/hello-new-temp.elf.dir/Drivers/STM32F1xx_HAL_Driver/Src/stm32f1xx_hal_adc.c.obj
                                0x905 (size before relaxing)
 .debug_str     0x00001a88      0x3a6 CMakeFiles/hello-new-temp.elf.dir/Drivers/STM32F1xx_HAL_Driver/Src/stm32f1xx_hal_cortex.c.obj
                                0x8fe (size before relaxing)
 .debug_str     0x00001e2e      0x109 CMakeFiles/hello-new-temp.elf.dir/Drivers/STM32F1xx_HAL_Driver/Src/stm32f1xx_hal_gpio.c.obj
                                0x43d (size before relaxing)
 .debug_str     0x00001f37      0x5be CMakeFiles/hello-new-temp.elf.dir/Drivers/STM32F1xx_HAL_Driver/Src/stm32f1xx_hal_pcd.c.obj
                                0xb43 (size before relaxing)
 .debug_str     0x000024f5      0x183 CMakeFiles/hello-new-temp.elf.dir/Drivers/STM32F1xx_HAL_Driver/Src/stm32f1xx_hal_pcd_ex.c.obj
                                0x6e5 (size before relaxing)
 .debug_str     0x00002678      0x223 CMakeFiles/hello-new-temp.elf.dir/Drivers/STM32F1xx_HAL_Driver/Src/stm32f1xx_hal_pwr.c.obj